{
  "audit_kind": "textual, comments and strings removed",
  "lean_executed_by_this_audit": false,
  "kernel_validation": "Not assessed by this textual audit; see VERIFICATION.json and kernel axiom logs.",
  "main_theorem_proved": false,
  "source_file_count": 35,
  "source_line_count": 3751,
  "declaration_counts": {
    "abbrev": 11,
    "theorem": 272,
    "def": 113,
    "structure": 3,
    "inductive": 2
  },
  "forbidden_tokens": [],
  "passed_textual_audit": true
}
Verification attempted at UTC: 2026-10-07T21:20:03Z
Target toolchain: leanprover/lean4:v4.19.0
lean path: /workspace/ginzburg333_work/tooling/lean-4.19.0-linux/bin/lean
lake path: /workspace/ginzburg333_work/tooling/lean-4.19.0-linux/bin/lake
Lean (version 4.19.0, x86_64-unknown-linux-gnu, commit 6caaee842e94, Release)
⚠ [1660/1696] Replayed Ginzburg333.Finite.Coordinates
warning: ././././Ginzburg333/Finite/Coordinates.lean:90:4: try 'simp' instead of 'simpa'
note: this linter can be disabled with `set_option linter.unnecessarySimpa false`
⚠ [1662/1696] Replayed Ginzburg333.Finite.Pencil
warning: ././././Ginzburg333/Finite/Pencil.lean:71:4: try 'simp at hh' instead of 'simpa using hh'
note: this linter can be disabled with `set_option linter.unnecessarySimpa false`
⚠ [1664/1696] Replayed Ginzburg333.Finite.Colon
warning: ././././Ginzburg333/Finite/Colon.lean:199:57: this tactic is never executed
note: this linter can be disabled with `set_option linter.unreachableTactic false`
warning: ././././Ginzburg333/Finite/Colon.lean:199:57: 'omega' tactic does nothing
note: this linter can be disabled with `set_option linter.unusedTactic false`
⚠ [1665/1696] Replayed Ginzburg333.Auxiliary
warning: ././././Ginzburg333/Auxiliary.lean:51:53: Used `tac1 <;> tac2` where `(tac1; tac2)` would suffice
note: this linter can be disabled with `set_option linter.unnecessarySeqFocus false`
warning: ././././Ginzburg333/Auxiliary.lean:55:41: Used `tac1 <;> tac2` where `(tac1; tac2)` would suffice
note: this linter can be disabled with `set_option linter.unnecessarySeqFocus false`
warning: ././././Ginzburg333/Auxiliary.lean:58:20: Used `tac1 <;> tac2` where `(tac1; tac2)` would suffice
note: this linter can be disabled with `set_option linter.unnecessarySeqFocus false`
info: ././././Ginzburg333/Auxiliary.lean:86:54: Try this: ring_nf
info: ././././Ginzburg333/Auxiliary.lean:86:54: Try this: ring_nf
info: ././././Ginzburg333/Auxiliary.lean:92:54: Try this: ring_nf
info: ././././Ginzburg333/Auxiliary.lean:92:54: Try this: ring_nf
⚠ [1668/1696] Replayed Ginzburg333.Signs
warning: ././././Ginzburg333/Signs.lean:107:7: Used `tac1 <;> tac2` where `(tac1; tac2)` would suffice
note: this linter can be disabled with `set_option linter.unnecessarySeqFocus false`
⚠ [1672/1696] Replayed Ginzburg333.Homology.Quotient
warning: ././././Ginzburg333/Homology/Quotient.lean:21:50: try 'simp' instead of 'simpa'
note: this linter can be disabled with `set_option linter.unnecessarySimpa false`
⚠ [1674/1696] Replayed Ginzburg333.Finite.RowIdeals
info: ././././Ginzburg333/Finite/RowIdeals.lean:139:44: Try this: ring_nf
warning: ././././Ginzburg333/Finite/RowIdeals.lean:139:49: Used `tac1 <;> tac2` where `(tac1; tac2)` would suffice
note: this linter can be disabled with `set_option linter.unnecessarySeqFocus false`
⚠ [1689/1696] Replayed Ginzburg333.Bar.SquareZero
warning: ././././Ginzburg333/Bar/SquareZero.lean:147:66: Used `tac1 <;> tac2` where `(tac1; tac2)` would suffice
note: this linter can be disabled with `set_option linter.unnecessarySeqFocus false`
Build completed successfully.
'Ginzburg333.CyclicData.productSpan_eq_top' depends on axioms: [propext, Classical.choice, Quot.sound]
'Ginzburg333.CyclicData.plane_contains_rank_two' depends on axioms: [propext, Classical.choice, Quot.sound]
'Ginzburg333.CyclicData.adjacent_range_eq_dot_ker' depends on axioms: [propext, Classical.choice, Quot.sound]
'Ginzburg333.CyclicData.annihilator_eq_adjacent_image' depends on axioms: [propext, Classical.choice, Quot.sound]
'Ginzburg333.CyclicData.plane_colon_closed' depends on axioms: [propext, Classical.choice, Quot.sound]
'Ginzburg333.CyclicData.full_colon_closed' depends on axioms: [propext, Classical.choice, Quot.sound]
'Ginzburg333.CyclicData.multiply_assoc' depends on axioms: [propext, Classical.choice, Quot.sound]
'Ginzburg333.Homology.quotient_exact_of_exact' depends on axioms: [propext]
'Ginzburg333.Homology.filtration_induction' depends on axioms: [propext, Classical.choice, Quot.sound]
'Ginzburg333.Signs.comparison_parity' depends on axioms: [propext, Quot.sound]
'Ginzburg333.Ginzburg.cohomologicalDegree_eq_length_sub_weight' depends on axioms: [propext, Quot.sound]
'Ginzburg333.CyclicData.rowGenerated_right_stable' depends on axioms: [propext, Classical.choice, Quot.sound]
'Ginzburg333.CyclicData.exists_filtrationStep' depends on axioms: [propext, Classical.choice, Quot.sound]
'Ginzburg333.CyclicData.FiltrationStep.short_exact' depends on axioms: [propext, Classical.choice, Quot.sound]
'Ginzburg333.CyclicData.FiltrationStep.inclusion_degree' depends on axioms: [propext, Classical.choice, Quot.sound]
'Ginzburg333.CyclicData.FiltrationStep.inclusion_action' depends on axioms: [propext, Classical.choice, Quot.sound]
'Ginzburg333.Ginzburg.differential_term_valid' depends on axioms: [propext, Classical.choice, Quot.sound]
'Ginzburg333.Ginzburg.differential_cohomological' depends on axioms: [propext, Classical.choice, Quot.sound]
'Ginzburg333.Ginzburg.finite_internal_basis' depends on axioms: [propext, Classical.choice, Quot.sound]
'Ginzburg333.Homology.exactAt_dual' depends on axioms: [propext, Classical.choice, Quot.sound]
'Ginzburg333.Ginzburg.freeDifferential_leibniz' depends on axioms: [propext, Classical.choice, Quot.sound]
'Ginzburg333.Ginzburg.differential_square' depends on axioms: [propext, Classical.choice, Quot.sound]
'Ginzburg333.Ginzburg.componentDifferential_square' depends on axioms: [propext, Classical.choice, Quot.sound]
'Ginzburg333.Ginzburg.ginzburgRegular_of_internal_primitives' depends on axioms: [propext, Classical.choice, Quot.sound]
'Ginzburg333.Bar.positiveMultiplication_assoc' depends on axioms: [propext, Classical.choice, Quot.sound]
'Ginzburg333.Bar.ambientDifferential_square' depends on axioms: [propext, Classical.choice, Quot.sound]
'Ginzburg333.Bar.normalizedDifferential_square' depends on axioms: [propext, Classical.choice, Quot.sound]
'Ginzburg333.Bar.filtration_normalized_short_exact' depends on axioms: [propext, Classical.choice, Quot.sound]
AUDIT Ginzburg333.Bar.RightAction.assoc: [propext, Quot.sound, Classical.choice]
AUDIT Ginzburg333.Bar.RightAction.identity: [propext, Quot.sound, Classical.choice]
AUDIT Ginzburg333.Bar.RightAction.mk.inj: [propext, Quot.sound, Classical.choice]
AUDIT Ginzburg333.Bar.RightAction.mk.injEq: [propext, Quot.sound, Classical.choice]
AUDIT Ginzburg333.Bar.RightAction.mk.sizeOf_spec: [propext, Quot.sound, Classical.choice]
AUDIT Ginzburg333.Bar.action_positiveMultiplication: [propext, Quot.sound, Classical.choice]
AUDIT Ginzburg333.Bar.ambientDifferential._proof_7: [propext, Quot.sound]
AUDIT Ginzburg333.Bar.ambientDifferential.eq_1: [propext, Quot.sound, Classical.choice]
AUDIT Ginzburg333.Bar.ambientDifferential_balanced: [propext, Quot.sound, Classical.choice]
AUDIT Ginzburg333.Bar.ambientDifferential_eq: [propext, Quot.sound, Classical.choice]
AUDIT Ginzburg333.Bar.ambientDifferential_homological: [propext, Quot.sound, Classical.choice]
AUDIT Ginzburg333.Bar.ambientDifferential_homological._proof_1: [propext, Quot.sound]
AUDIT Ginzburg333.Bar.ambientDifferential_natural: [propext, Quot.sound, Classical.choice]
AUDIT Ginzburg333.Bar.ambientDifferential_single: [propext, Quot.sound, Classical.choice]
AUDIT Ginzburg333.Bar.ambientDifferential_square: [propext, Quot.sound, Classical.choice]
AUDIT Ginzburg333.Bar.augmentation_positiveBasis: [propext, Quot.sound, Classical.choice]
AUDIT Ginzburg333.Bar.balancedAmbient._proof_8: [propext, Quot.sound, Classical.choice]
AUDIT Ginzburg333.Bar.balancedAmbient._proof_9: [propext, Quot.sound]
AUDIT Ginzburg333.Bar.balanced_single: [propext, Quot.sound, Classical.choice]
AUDIT Ginzburg333.Bar.coefficientMap.eq_1: [propext, Quot.sound, Classical.choice]
AUDIT Ginzburg333.Bar.coefficientMap_balanced: [propext, Quot.sound, Classical.choice]
AUDIT Ginzburg333.Bar.coefficientMap_length: [propext, Quot.sound, Classical.choice]
AUDIT Ginzburg333.Bar.coefficientMap_lengthProjection: [propext, Quot.sound, Classical.choice]
AUDIT Ginzburg333.Bar.coefficientMap_single: [propext, Quot.sound, Classical.choice]
AUDIT Ginzburg333.Bar.coefficientMap_tensorWords: [propext, Quot.sound, Classical.choice]
AUDIT Ginzburg333.Bar.composable_decidable._proof_2: []
AUDIT Ginzburg333.Bar.composable_decidable._proof_3: []
AUDIT Ginzburg333.Bar.composable_decidable._proof_4: []
AUDIT Ginzburg333.Bar.cornerProjection._proof_1: [propext, Classical.choice, Quot.sound]
AUDIT Ginzburg333.Bar.cornerProjection_idempotent: [propext, Quot.sound, Classical.choice]
AUDIT Ginzburg333.Bar.filtration_ambient_short_exact: [propext, Quot.sound, Classical.choice]
AUDIT Ginzburg333.Bar.filtration_inclusion_natural: [propext, Quot.sound, Classical.choice]
AUDIT Ginzburg333.Bar.filtration_normalized_short_exact: [propext, Quot.sound, Classical.choice]
AUDIT Ginzburg333.Bar.filtration_projection_natural: [propext, Quot.sound, Classical.choice]
AUDIT Ginzburg333.Bar.finiteDimensional_lengthComponent: [propext, Quot.sound, Classical.choice]
AUDIT Ginzburg333.Bar.finite_length_basis: [propext, Quot.sound, Classical.choice]
AUDIT Ginzburg333.Bar.firstAction._proof_3: [propext, Quot.sound]
AUDIT Ginzburg333.Bar.firstAction._proof_4: [propext, Classical.choice, Quot.sound]
AUDIT Ginzburg333.Bar.firstAction.eq_1: [propext, Quot.sound, Classical.choice]
AUDIT Ginzburg333.Bar.firstAction_cons: [propext, Quot.sound, Classical.choice]
AUDIT Ginzburg333.Bar.firstAction_mergeHeadChain: [propext, Quot.sound, Classical.choice]
AUDIT Ginzburg333.Bar.firstAction_nil: [propext, Quot.sound, Classical.choice]
AUDIT Ginzburg333.Bar.firstAction_prepend: [propext, Quot.sound, Classical.choice]
AUDIT Ginzburg333.Bar.firstAction_square_identity: [propext, Quot.sound, Classical.choice]
AUDIT Ginzburg333.Bar.firstSource.eq_1: [propext]
AUDIT Ginzburg333.Bar.firstSource.eq_2: [propext]
AUDIT Ginzburg333.Bar.homologicalDifferential._proof_1: [propext, Quot.sound, Classical.choice]
AUDIT Ginzburg333.Bar.homologicalDifferential._proof_2: [propext, Quot.sound, Classical.choice]
AUDIT Ginzburg333.Bar.homologicalDifferential._proof_3: [propext, Quot.sound, Classical.choice]
AUDIT Ginzburg333.Bar.homologicalDifferential._proof_4: [propext, Quot.sound, Classical.choice]
AUDIT Ginzburg333.Bar.homologicalDifferential._proof_5: [propext, Quot.sound, Classical.choice]
AUDIT Ginzburg333.Bar.homologicalDifferential_square: [propext, Quot.sound, Classical.choice]
AUDIT Ginzburg333.Bar.initialProjection_eq_of_firstSource: [propext, Quot.sound, Classical.choice]
AUDIT Ginzburg333.Bar.initialProjection_idempotent: [propext, Quot.sound, Classical.choice]
AUDIT Ginzburg333.Bar.innerBasisDifferential.eq_1: [propext, Quot.sound, Classical.choice]
AUDIT Ginzburg333.Bar.innerBasisDifferential.eq_2: [propext, Quot.sound, Classical.choice]
AUDIT Ginzburg333.Bar.innerBasisDifferential.eq_3: [propext, Quot.sound, Classical.choice]
AUDIT Ginzburg333.Bar.innerBasisDifferential_composable: [propext, Quot.sound, Classical.choice]
AUDIT Ginzburg333.Bar.innerBasisDifferential_homological: [propext, Quot.sound, Classical.choice]
AUDIT Ginzburg333.Bar.innerBasisDifferential_homological._proof_1: [propext]
AUDIT Ginzburg333.Bar.innerBasisDifferential_homological._proof_2: [propext, Quot.sound]
AUDIT Ginzburg333.Bar.innerChainDifferential.eq_1: [propext, Quot.sound, Classical.choice]
AUDIT Ginzburg333.Bar.innerChainDifferential_coefficientMap: [propext, Quot.sound, Classical.choice]
AUDIT Ginzburg333.Bar.innerChainDifferential_prepend: [propext, Quot.sound, Classical.choice]
AUDIT Ginzburg333.Bar.innerChainDifferential_square: [propext, Quot.sound, Classical.choice]
AUDIT Ginzburg333.Bar.innerChainDifferential_tensorWords: [propext, Quot.sound, Classical.choice]
AUDIT Ginzburg333.Bar.innerDifferential.eq_1: [propext, Quot.sound, Classical.choice]
AUDIT Ginzburg333.Bar.innerDifferential_mergeHead: [propext, Quot.sound, Classical.choice]
AUDIT Ginzburg333.Bar.innerDifferential_prepend: [propext, Quot.sound, Classical.choice]
AUDIT Ginzburg333.Bar.innerDifferential_square: [propext, Quot.sound, Classical.choice]
AUDIT Ginzburg333.Bar.innerDifferential_square_word: [propext, Quot.sound, Classical.choice]
AUDIT Ginzburg333.Bar.lengthProjection._proof_1: [propext, Quot.sound, Classical.choice]
AUDIT Ginzburg333.Bar.lengthProjection._proof_2: [propext, Quot.sound, Classical.choice]
AUDIT Ginzburg333.Bar.lengthProjection_eq_self: [propext, Quot.sound, Classical.choice]
AUDIT Ginzburg333.Bar.lengthProjection_mem: [propext, Quot.sound, Classical.choice]
AUDIT Ginzburg333.Bar.liftWordOperator._proof_1: [propext, Quot.sound]
AUDIT Ginzburg333.Bar.liftWordOperator._proof_2: [propext, Quot.sound, Classical.choice]
AUDIT Ginzburg333.Bar.liftWordOperator.eq_1: [propext, Quot.sound, Classical.choice]
AUDIT Ginzburg333.Bar.liftWordOperator_tensorWords: [propext, Quot.sound, Classical.choice]
AUDIT Ginzburg333.Bar.mem_balancedAmbient_iff: [propext, Quot.sound, Classical.choice]
AUDIT Ginzburg333.Bar.mergeHead.eq_1: [propext, Quot.sound, Classical.choice]
AUDIT Ginzburg333.Bar.mergeHeadChain.eq_1: [propext, Quot.sound, Classical.choice]
AUDIT Ginzburg333.Bar.mergeHeadChain_tensorWords: [propext, Quot.sound, Classical.choice]
AUDIT Ginzburg333.Bar.mergeHead_mergeHead: [propext, Quot.sound, Classical.choice]
AUDIT Ginzburg333.Bar.mergeHead_prepend: [propext, Quot.sound, Classical.choice]
AUDIT Ginzburg333.Bar.multiplication._proof_10: [propext, Quot.sound, Classical.choice]
AUDIT Ginzburg333.Bar.multiplication._proof_11: [propext, Quot.sound, Classical.choice]
AUDIT Ginzburg333.Bar.multiplication._proof_12: [propext, Quot.sound, Classical.choice]
AUDIT Ginzburg333.Bar.multiplication._proof_13: [propext, Quot.sound, Classical.choice]
AUDIT Ginzburg333.Bar.multiplication._proof_7: [propext, Quot.sound, Classical.choice]
AUDIT Ginzburg333.Bar.multiplication._proof_8: [propext, Quot.sound, Classical.choice]
AUDIT Ginzburg333.Bar.multiplication._proof_9: [propext, Quot.sound, Classical.choice]
AUDIT Ginzburg333.Bar.multiply_sum_left: [propext, Quot.sound, Classical.choice]
AUDIT Ginzburg333.Bar.multiply_sum_right: [propext, Quot.sound, Classical.choice]
AUDIT Ginzburg333.Bar.multiply_vertexIdempotent: [propext, Quot.sound, Classical.choice]
AUDIT Ginzburg333.Bar.normalization._proof_5: [propext, Quot.sound]
AUDIT Ginzburg333.Bar.normalization._proof_6: [propext, Quot.sound, Classical.choice]
AUDIT Ginzburg333.Bar.normalization._proof_7: [propext, Quot.sound]
AUDIT Ginzburg333.Bar.normalization.eq_1: [propext, Quot.sound, Classical.choice]
AUDIT Ginzburg333.Bar.normalization_apply: [propext, Quot.sound, Classical.choice]
AUDIT Ginzburg333.Bar.normalization_homological: [propext, Quot.sound, Classical.choice]
AUDIT Ginzburg333.Bar.normalization_idempotent: [propext, Quot.sound, Classical.choice]
AUDIT Ginzburg333.Bar.normalization_mem_normalizedTerm: [propext, Quot.sound, Classical.choice]
AUDIT Ginzburg333.Bar.normalization_natural: [propext, Quot.sound, Classical.choice]
AUDIT Ginzburg333.Bar.normalization_single: [propext, Quot.sound, Classical.choice]
AUDIT Ginzburg333.Bar.normalizedDifferential._proof_1: [propext, Quot.sound, Classical.choice]
AUDIT Ginzburg333.Bar.normalizedDifferential._proof_2: [propext, Quot.sound, Classical.choice]
AUDIT Ginzburg333.Bar.normalizedDifferential._proof_3: [propext, Quot.sound, Classical.choice]
AUDIT Ginzburg333.Bar.normalizedDifferential._proof_4: [propext, Quot.sound, Classical.choice]
AUDIT Ginzburg333.Bar.normalizedDifferential._proof_5: [propext, Quot.sound, Classical.choice]
AUDIT Ginzburg333.Bar.normalizedDifferential_natural: [propext, Quot.sound, Classical.choice]
AUDIT Ginzburg333.Bar.normalizedDifferential_square: [propext, Quot.sound, Classical.choice]
AUDIT Ginzburg333.Bar.normalizedMap._proof_10: [propext, Quot.sound, Classical.choice]
AUDIT Ginzburg333.Bar.normalizedMap._proof_11: [propext, Quot.sound, Classical.choice]
AUDIT Ginzburg333.Bar.normalizedMap._proof_6: [propext, Classical.choice, Quot.sound]
AUDIT Ginzburg333.Bar.normalizedMap._proof_7: [propext, Quot.sound, Classical.choice]
AUDIT Ginzburg333.Bar.normalizedMap._proof_8: [propext, Quot.sound, Classical.choice]
AUDIT Ginzburg333.Bar.normalizedMap._proof_9: [propext, Quot.sound, Classical.choice]
AUDIT Ginzburg333.Bar.normalizedMap_exact: [propext, Quot.sound, Classical.choice]
AUDIT Ginzburg333.Bar.normalizedMap_injective: [propext, Quot.sound, Classical.choice]
AUDIT Ginzburg333.Bar.normalizedMap_surjective: [propext, Quot.sound, Classical.choice]
AUDIT Ginzburg333.Bar.normalizedRetraction._proof_3: [propext, Quot.sound]
AUDIT Ginzburg333.Bar.normalizedRetraction_eq_self: [propext, Quot.sound, Classical.choice]
AUDIT Ginzburg333.Bar.normalizedRetraction_mem: [propext, Quot.sound, Classical.choice]
AUDIT Ginzburg333.Bar.normalizedRetraction_natural: [propext, Quot.sound, Classical.choice]
AUDIT Ginzburg333.Bar.onWord._proof_5: [propext, Quot.sound]
AUDIT Ginzburg333.Bar.onWord._proof_6: [propext, Classical.choice, Quot.sound]
AUDIT Ginzburg333.Bar.onWord.eq_1: [propext, Quot.sound, Classical.choice]
AUDIT Ginzburg333.Bar.onWord.eq_2: [propext, Quot.sound, Classical.choice]
AUDIT Ginzburg333.Bar.onWord_balanced: [propext, Quot.sound, Classical.choice]
AUDIT Ginzburg333.Bar.onWord_homological: [propext, Quot.sound, Classical.choice]
AUDIT Ginzburg333.Bar.positiveBasis.eq_1: [propext, Classical.choice, Quot.sound]
AUDIT Ginzburg333.Bar.positiveBasis.eq_2: [propext, Classical.choice, Quot.sound]
AUDIT Ginzburg333.Bar.positiveBasis.eq_3: [propext, Classical.choice, Quot.sound]
AUDIT Ginzburg333.Bar.positiveBasis_right_corner: [propext, Quot.sound, Classical.choice]
AUDIT Ginzburg333.Bar.positiveCoefficients._proof_5: [propext, Quot.sound]
AUDIT Ginzburg333.Bar.positiveCoefficients._proof_6: [propext, Quot.sound]
AUDIT Ginzburg333.Bar.positiveCoefficients_apply: [propext, Quot.sound, Classical.choice]
AUDIT Ginzburg333.Bar.positiveCoefficients_injective_on_positive: [propext, Quot.sound, Classical.choice]
AUDIT Ginzburg333.Bar.positiveCoordinate.eq_1: [propext]
AUDIT Ginzburg333.Bar.positiveCoordinate.eq_2: [propext]
AUDIT Ginzburg333.Bar.positiveCoordinate.eq_3: [propext]
AUDIT Ginzburg333.Bar.positiveCoordinate_basis: [propext, Classical.choice, Quot.sound]
AUDIT Ginzburg333.Bar.positiveCoordinate_basis._proof_3: [propext]
AUDIT Ginzburg333.Bar.positiveCoordinate_basis._proof_4: [propext]
AUDIT Ginzburg333.Bar.positiveCoordinate_expansion: [propext, Classical.choice, Quot.sound]
AUDIT Ginzburg333.Bar.positiveCoordinates._proof_1: [propext, Quot.sound, Classical.choice]
AUDIT Ginzburg333.Bar.positiveCoordinates._proof_2: [propext, Quot.sound, Classical.choice]
AUDIT Ginzburg333.Bar.positiveExpansion.eq_1: [propext, Classical.choice, Quot.sound]
AUDIT Ginzburg333.Bar.positiveExpansionLinear._proof_3: [propext, Classical.choice, Quot.sound]
AUDIT Ginzburg333.Bar.positiveExpansionLinear._proof_4: [propext, Classical.choice, Quot.sound]
AUDIT Ginzburg333.Bar.positiveExpansion_coordinates: [propext, Classical.choice, Quot.sound]
AUDIT Ginzburg333.Bar.positiveExpansion_of_augmentation_zero: [propext, Quot.sound, Classical.choice]
AUDIT Ginzburg333.Bar.positiveMultiplication.eq_1: [propext, Quot.sound, Classical.choice]
AUDIT Ginzburg333.Bar.positiveMultiplication_assoc: [propext, Quot.sound, Classical.choice]
AUDIT Ginzburg333.Bar.positiveMultiplication_reconstruct: [propext, Quot.sound, Classical.choice]
AUDIT Ginzburg333.Bar.positiveMultiplication_support: [propext, Quot.sound, Classical.choice]
AUDIT Ginzburg333.Bar.prependChain.eq_1: [propext, Quot.sound, Classical.choice]
AUDIT Ginzburg333.Bar.prependChain_single: [propext, Quot.sound, Classical.choice]
AUDIT Ginzburg333.Bar.quotientRightAction._proof_1: [propext, Quot.sound, Classical.choice]
AUDIT Ginzburg333.Bar.quotientRightAction._proof_2: [propext, Quot.sound, Classical.choice]
AUDIT Ginzburg333.Bar.quotientRightAction._proof_3: [propext, Quot.sound, Classical.choice]
AUDIT Ginzburg333.Bar.sum_positiveMultiplication: [propext, Quot.sound, Classical.choice]
AUDIT Ginzburg333.Bar.sum_positive_basis: [propext, Quot.sound, Classical.choice]
AUDIT Ginzburg333.Bar.sum_vertexIdempotent: [propext, Quot.sound, Classical.choice]
AUDIT Ginzburg333.Bar.tensorWords._proof_4: [propext, Quot.sound, Classical.choice]
AUDIT Ginzburg333.Bar.tensorWords.eq_1: [propext, Quot.sound, Classical.choice]
AUDIT Ginzburg333.Bar.tensorWords_balanced: [propext, Quot.sound, Classical.choice]
AUDIT Ginzburg333.Bar.tensorWords_mem_supported: [propext, Quot.sound, Classical.choice]
AUDIT Ginzburg333.Bar.tensorWords_prepend: [propext, Quot.sound, Classical.choice]
AUDIT Ginzburg333.Bar.tensorWords_single: [propext, Quot.sound, Classical.choice]
AUDIT Ginzburg333.Bar.vertexIdempotent.eq_1: [propext, Classical.choice, Quot.sound]
AUDIT Ginzburg333.Bar.weighted_double_sum: [propext, Quot.sound, Classical.choice]
AUDIT Ginzburg333.CyclicData.Allowed._proof_1: [propext, Quot.sound, Classical.choice]
AUDIT Ginzburg333.CyclicData.Allowed._proof_2: [propext, Quot.sound]
AUDIT Ginzburg333.CyclicData.Allowed._proof_3: [propext, Quot.sound, Classical.choice]
AUDIT Ginzburg333.CyclicData.FiltrationStep.colon_allowed: [propext, Quot.sound, Classical.choice]
AUDIT Ginzburg333.CyclicData.FiltrationStep.colon_eq: [propext, Quot.sound, Classical.choice]
AUDIT Ginzburg333.CyclicData.FiltrationStep.decomposition: [propext, Quot.sound, Classical.choice]
AUDIT Ginzburg333.CyclicData.FiltrationStep.generator_outside: [propext, Quot.sound, Classical.choice]
AUDIT Ginzburg333.CyclicData.FiltrationStep.ideal_decomposition: [propext, Quot.sound, Classical.choice]
AUDIT Ginzburg333.CyclicData.FiltrationStep.inclusion._proof_4: [propext, Quot.sound, Classical.choice]
AUDIT Ginzburg333.CyclicData.FiltrationStep.inclusion._proof_5: [propext, Quot.sound, Classical.choice]
AUDIT Ginzburg333.CyclicData.FiltrationStep.inclusion_action: [propext, Quot.sound, Classical.choice]
AUDIT Ginzburg333.CyclicData.FiltrationStep.inclusion_degree: [propext, Quot.sound, Classical.choice]
AUDIT Ginzburg333.CyclicData.FiltrationStep.inclusion_mkQ: [propext, Quot.sound, Classical.choice]
AUDIT Ginzburg333.CyclicData.FiltrationStep.mk.inj: [propext, Quot.sound, Classical.choice]
AUDIT Ginzburg333.CyclicData.FiltrationStep.mk.injEq: [propext, Quot.sound, Classical.choice]
AUDIT Ginzburg333.CyclicData.FiltrationStep.mk.sizeOf_spec: [propext, Quot.sound, Classical.choice]
AUDIT Ginzburg333.CyclicData.FiltrationStep.projection._proof_6: [propext, Quot.sound, Classical.choice]
AUDIT Ginzburg333.CyclicData.FiltrationStep.projection_action: [propext, Quot.sound, Classical.choice]
AUDIT Ginzburg333.CyclicData.FiltrationStep.projection_degree: [propext, Quot.sound, Classical.choice]
AUDIT Ginzburg333.CyclicData.FiltrationStep.projection_mkQ: [propext, Quot.sound, Classical.choice]
AUDIT Ginzburg333.CyclicData.FiltrationStep.short_exact: [propext, Quot.sound, Classical.choice]
AUDIT Ginzburg333.CyclicData.FiltrationStep.size_drop: [propext, Quot.sound, Classical.choice]
AUDIT Ginzburg333.CyclicData.FiltrationStep.smaller_allowed: [propext, Quot.sound, Classical.choice]
AUDIT Ginzburg333.CyclicData.FiltrationStep.smaller_ideal_le: [propext, Quot.sound, Classical.choice]
AUDIT Ginzburg333.CyclicData.Regular._proof_10: [propext, Quot.sound]
AUDIT Ginzburg333.CyclicData.Regular._proof_9: [propext, Quot.sound, Classical.choice]
AUDIT Ginzburg333.CyclicData.adjacent_range_eq_dot_ker: [propext, Quot.sound, Classical.choice]
AUDIT Ginzburg333.CyclicData.adjacent_range_le_dot_ker: [propext, Quot.sound, Classical.choice]
AUDIT Ginzburg333.CyclicData.adjacent_rank_two: [propext, Quot.sound, Classical.choice]
AUDIT Ginzburg333.CyclicData.annihilator_eq_adjacent_image: [propext, Quot.sound, Classical.choice]
AUDIT Ginzburg333.CyclicData.augmentation_identity: [propext, Quot.sound, Classical.choice]
AUDIT Ginzburg333.CyclicData.augmentation_multiply: [propext, Quot.sound, Classical.choice]
AUDIT Ginzburg333.CyclicData.colonPlane._proof_6: [propext, Quot.sound, Classical.choice]
AUDIT Ginzburg333.CyclicData.colonPlane._proof_7: [propext, Quot.sound, Classical.choice]
AUDIT Ginzburg333.CyclicData.colon_eq_planeRows: [propext, Quot.sound, Classical.choice]
AUDIT Ginzburg333.CyclicData.cyclic: [propext, Quot.sound, Classical.choice]
AUDIT Ginzburg333.CyclicData.degreeOneElement.eq_1: [propext, Classical.choice, Quot.sound]
AUDIT Ginzburg333.CyclicData.degreeOne_multiply_at: [propext, Quot.sound, Classical.choice]
AUDIT Ginzburg333.CyclicData.degreeProjection_leftOne: [propext, Quot.sound, Classical.choice]
AUDIT Ginzburg333.CyclicData.exists_filtrationStep: [propext, Quot.sound, Classical.choice]
AUDIT Ginzburg333.CyclicData.exists_filtrationStep._proof_4: [propext, Quot.sound, Classical.choice]
AUDIT Ginzburg333.CyclicData.finrank_colonPlane: [propext, Quot.sound, Classical.choice]
AUDIT Ginzburg333.CyclicData.finrank_kernel_of_rank_two: [propext, Quot.sound, Classical.choice]
AUDIT Ginzburg333.CyclicData.finrank_kernel_of_rank_two._proof_4: [propext, Quot.sound, Classical.choice]
AUDIT Ginzburg333.CyclicData.full_colon_closed: [propext, Quot.sound, Classical.choice]
AUDIT Ginzburg333.CyclicData.full_colon_eq_positive_rows: [propext, Quot.sound, Classical.choice]
AUDIT Ginzburg333.CyclicData.full_colon_eq_positive_rows._proof_10: [propext]
AUDIT Ginzburg333.CyclicData.full_colon_eq_positive_rows._proof_8: [propext, Quot.sound, Classical.choice]
AUDIT Ginzburg333.CyclicData.full_colon_eq_positive_rows._proof_9: [propext]
AUDIT Ginzburg333.CyclicData.identityAuxiliary.eq_1: [propext, Classical.choice, Quot.sound]
AUDIT Ginzburg333.CyclicData.identityRow.eq_1: [propext, Classical.choice, Quot.sound]
AUDIT Ginzburg333.CyclicData.identity_multiply: [propext, Quot.sound, Classical.choice]
AUDIT Ginzburg333.CyclicData.kernel_eq_span: [propext, Quot.sound, Classical.choice]
AUDIT Ginzburg333.CyclicData.leftOne._proof_1: [propext, Quot.sound, Classical.choice]
AUDIT Ginzburg333.CyclicData.leftOne._proof_2: [propext, Quot.sound, Classical.choice]
AUDIT Ginzburg333.CyclicData.leftOne._proof_3: [propext, Quot.sound, Classical.choice]
AUDIT Ginzburg333.CyclicData.leftOne.eq_1: [propext, Quot.sound, Classical.choice]
AUDIT Ginzburg333.CyclicData.leftOneBilinear._proof_1: [propext, Classical.choice, Quot.sound]
AUDIT Ginzburg333.CyclicData.leftOneBilinear._proof_2: [propext, Quot.sound, Classical.choice]
AUDIT Ginzburg333.CyclicData.leftOneBilinear._proof_3: [propext, Quot.sound, Classical.choice]
AUDIT Ginzburg333.CyclicData.leftOne_add: [propext, Quot.sound, Classical.choice]
AUDIT Ginzburg333.CyclicData.leftOne_apply: [propext, Quot.sound, Classical.choice]
AUDIT Ginzburg333.CyclicData.leftOne_comp_zero: [propext, Quot.sound, Classical.choice]
AUDIT Ginzburg333.CyclicData.leftOne_mem_rowGenerated: [propext, Quot.sound, Classical.choice]
AUDIT Ginzburg333.CyclicData.leftOne_rowAction: [propext, Quot.sound, Classical.choice]
AUDIT Ginzburg333.CyclicData.leftOne_smul: [propext, Quot.sound, Classical.choice]
AUDIT Ginzburg333.CyclicData.leftOne_zero: [propext, Quot.sound, Classical.choice]
AUDIT Ginzburg333.CyclicData.mk.inj: [propext, Quot.sound, Classical.choice]
AUDIT Ginzburg333.CyclicData.mk.injEq: [propext, Quot.sound, Classical.choice]
AUDIT Ginzburg333.CyclicData.mk.sizeOf_spec: [propext, Quot.sound, Classical.choice]
AUDIT Ginzburg333.CyclicData.mul_mem_productSpan: [propext, Quot.sound, Classical.choice]
AUDIT Ginzburg333.CyclicData.multiply._proof_1: [propext, Quot.sound, Classical.choice]
AUDIT Ginzburg333.CyclicData.multiply.eq_1: [propext, Quot.sound, Classical.choice]
AUDIT Ginzburg333.CyclicData.multiply_add_left: [propext, Quot.sound, Classical.choice]
AUDIT Ginzburg333.CyclicData.multiply_add_right: [propext, Quot.sound, Classical.choice]
AUDIT Ginzburg333.CyclicData.multiply_assoc: [propext, Quot.sound, Classical.choice]
AUDIT Ginzburg333.CyclicData.multiply_embedRow: [propext, Quot.sound, Classical.choice]
AUDIT Ginzburg333.CyclicData.multiply_identity: [propext, Quot.sound, Classical.choice]
AUDIT Ginzburg333.CyclicData.multiply_smul_left: [propext, Quot.sound, Classical.choice]
AUDIT Ginzburg333.CyclicData.multiply_smul_right: [propext, Quot.sound, Classical.choice]
AUDIT Ginzburg333.CyclicData.plane_colon_closed: [propext, Quot.sound, Classical.choice]
AUDIT Ginzburg333.CyclicData.plane_contains_rank_two: [propext, Quot.sound, Classical.choice]
AUDIT Ginzburg333.CyclicData.productSpan._proof_1: [propext, Quot.sound, Classical.choice]
AUDIT Ginzburg333.CyclicData.productSpan._proof_2: [propext, Quot.sound]
AUDIT Ginzburg333.CyclicData.productSpan._proof_3: [propext, Quot.sound, Classical.choice]
AUDIT Ginzburg333.CyclicData.productSpan_eq_top: [propext, Quot.sound, Classical.choice]
AUDIT Ginzburg333.CyclicData.productSpan_eq_top._proof_4: [propext, Quot.sound, Classical.choice]
AUDIT Ginzburg333.CyclicData.productSpan_eq_top_of_two_le: [propext, Quot.sound, Classical.choice]
AUDIT Ginzburg333.CyclicData.productSpan_eq_top_of_two_le._proof_4: [propext, Quot.sound, Classical.choice]
AUDIT Ginzburg333.CyclicData.quotientAction_add: [propext, Quot.sound, Classical.choice]
AUDIT Ginzburg333.CyclicData.quotientAction_assoc: [propext, Quot.sound, Classical.choice]
AUDIT Ginzburg333.CyclicData.quotientAction_identity: [propext, Quot.sound, Classical.choice]
AUDIT Ginzburg333.CyclicData.quotientAction_mkQ: [propext, Quot.sound, Classical.choice]
AUDIT Ginzburg333.CyclicData.quotientAction_smul: [propext, Quot.sound, Classical.choice]
AUDIT Ginzburg333.CyclicData.quotientProjection_comp: [propext, Quot.sound, Classical.choice]
AUDIT Ginzburg333.CyclicData.quotientProjection_mkQ: [propext, Quot.sound, Classical.choice]
AUDIT Ginzburg333.CyclicData.quotientProjection_sum: [propext, Quot.sound, Classical.choice]
AUDIT Ginzburg333.CyclicData.ranges_sup_eq_top: [propext, Quot.sound, Classical.choice]
AUDIT Ginzburg333.CyclicData.rank_two_of_not_injective: [propext, Quot.sound, Classical.choice]
AUDIT Ginzburg333.CyclicData.rank_two_of_not_injective._proof_4: [propext, Quot.sound, Classical.choice]
AUDIT Ginzburg333.CyclicData.rowAction.eq_1: [propext, Quot.sound, Classical.choice]
AUDIT Ginzburg333.CyclicData.rowActionLinear._proof_4: [propext, Quot.sound, Classical.choice]
AUDIT Ginzburg333.CyclicData.rowActionLinear._proof_5: [propext, Quot.sound, Classical.choice]
AUDIT Ginzburg333.CyclicData.rowAction_assoc: [propext, Quot.sound, Classical.choice]
AUDIT Ginzburg333.CyclicData.rowAction_formula: [propext, Quot.sound, Classical.choice]
AUDIT Ginzburg333.CyclicData.rowAction_identity: [propext, Quot.sound, Classical.choice]
AUDIT Ginzburg333.CyclicData.rowGenerated._proof_4: [propext, Quot.sound, Classical.choice]
AUDIT Ginzburg333.CyclicData.rowGenerated._proof_5: [propext, Quot.sound]
AUDIT Ginzburg333.CyclicData.rowGenerated_bot: [propext, Quot.sound, Classical.choice]
AUDIT Ginzburg333.CyclicData.rowGenerated_degree_stable: [propext, Quot.sound, Classical.choice]
AUDIT Ginzburg333.CyclicData.rowGenerated_eq_planeRows: [propext, Quot.sound, Classical.choice]
AUDIT Ginzburg333.CyclicData.rowGenerated_eq_planeRows._proof_6: [propext, Quot.sound]
AUDIT Ginzburg333.CyclicData.rowGenerated_mono: [propext, Quot.sound, Classical.choice]
AUDIT Ginzburg333.CyclicData.rowGenerated_right_stable: [propext, Quot.sound, Classical.choice]
AUDIT Ginzburg333.CyclicData.rowGenerated_span: [propext, Quot.sound, Classical.choice]
AUDIT Ginzburg333.CyclicData.rowGenerated_sup: [propext, Quot.sound, Classical.choice]
AUDIT Ginzburg333.Ginzburg.Generator.forward.inj: []
AUDIT Ginzburg333.Ginzburg.Generator.forward.injEq: [propext]
AUDIT Ginzburg333.Ginzburg.Generator.forward.sizeOf_spec: []
AUDIT Ginzburg333.Ginzburg.Generator.loop.inj: []
AUDIT Ginzburg333.Ginzburg.Generator.loop.injEq: [propext]
AUDIT Ginzburg333.Ginzburg.Generator.loop.sizeOf_spec: []
AUDIT Ginzburg333.Ginzburg.Generator.negativeDegree.eq_1: []
AUDIT Ginzburg333.Ginzburg.Generator.negativeDegree.eq_2: []
AUDIT Ginzburg333.Ginzburg.Generator.negativeDegree.eq_3: []
AUDIT Ginzburg333.Ginzburg.Generator.reverse.inj: []
AUDIT Ginzburg333.Ginzburg.Generator.reverse.injEq: [propext]
AUDIT Ginzburg333.Ginzburg.Generator.reverse.sizeOf_spec: []
AUDIT Ginzburg333.Ginzburg.Generator.source.eq_1: [propext]
AUDIT Ginzburg333.Ginzburg.Generator.source.eq_2: [propext]
AUDIT Ginzburg333.Ginzburg.Generator.source.eq_3: [propext]
AUDIT Ginzburg333.Ginzburg.Generator.target.eq_1: [propext]
AUDIT Ginzburg333.Ginzburg.Generator.target.eq_2: [propext]
AUDIT Ginzburg333.Ginzburg.Generator.target.eq_3: [propext]
AUDIT Ginzburg333.Ginzburg.Generator.weight.eq_1: []
AUDIT Ginzburg333.Ginzburg.Generator.weight.eq_2: []
AUDIT Ginzburg333.Ginzburg.Generator.weight.eq_3: []
AUDIT Ginzburg333.Ginzburg.Generator.weight_eq_negativeDegree_add_one: []
AUDIT Ginzburg333.Ginzburg.appendWords.eq_1: [propext, Quot.sound, Classical.choice]
AUDIT Ginzburg333.Ginzburg.appendWords_appendWords: [propext, Quot.sound, Classical.choice]
AUDIT Ginzburg333.Ginzburg.appendWords_single: [propext, Quot.sound, Classical.choice]
AUDIT Ginzburg333.Ginzburg.basisDifferential_cohomological: [propext, Quot.sound, Classical.choice]
AUDIT Ginzburg333.Ginzburg.basisDifferential_cohomological._proof_1: [propext, Quot.sound]
AUDIT Ginzburg333.Ginzburg.basisDifferential_internal: [propext, Quot.sound, Classical.choice]
AUDIT Ginzburg333.Ginzburg.basisDifferential_mem_supported: [propext, Classical.choice, Quot.sound]
AUDIT Ginzburg333.Ginzburg.cohomologicalDegree_eq_length_sub_weight: [propext, Quot.sound]
AUDIT Ginzburg333.Ginzburg.cohomologicalDegree_eq_length_sub_weight._proof_15: [propext, Quot.sound]
AUDIT Ginzburg333.Ginzburg.cohomologicalDegree_nonpositive: [propext, Quot.sound]
AUDIT Ginzburg333.Ginzburg.cohomologicalDegree_nonpositive._proof_2: [propext, Quot.sound]
AUDIT Ginzburg333.Ginzburg.componentDifferential._proof_1: [propext, Quot.sound, Classical.choice]
AUDIT Ginzburg333.Ginzburg.componentDifferential._proof_2: [propext, Quot.sound, Classical.choice]
AUDIT Ginzburg333.Ginzburg.componentDifferential._proof_3: [propext, Quot.sound, Classical.choice]
AUDIT Ginzburg333.Ginzburg.componentDifferential._proof_4: [propext, Quot.sound, Classical.choice]
AUDIT Ginzburg333.Ginzburg.componentDifferential._proof_5: [propext, Quot.sound, Classical.choice]
AUDIT Ginzburg333.Ginzburg.componentDifferential_square: [propext, Quot.sound, Classical.choice]
AUDIT Ginzburg333.Ginzburg.componentDifferential_val: [propext, Quot.sound, Classical.choice]
AUDIT Ginzburg333.Ginzburg.concatenate.eq_1: [propext, Quot.sound, Classical.choice]
AUDIT Ginzburg333.Ginzburg.concatenate_add_left: [propext, Quot.sound, Classical.choice]
AUDIT Ginzburg333.Ginzburg.concatenate_add_right: [propext, Quot.sound, Classical.choice]
AUDIT Ginzburg333.Ginzburg.concatenate_neg_left: [propext, Quot.sound, Classical.choice]
AUDIT Ginzburg333.Ginzburg.concatenate_single_left: [propext, Quot.sound, Classical.choice]
AUDIT Ginzburg333.Ginzburg.concatenate_single_right: [propext, Quot.sound, Classical.choice]
AUDIT Ginzburg333.Ginzburg.concatenate_smul_left: [propext, Quot.sound, Classical.choice]
AUDIT Ginzburg333.Ginzburg.concatenate_smul_right: [propext, Quot.sound, Classical.choice]
AUDIT Ginzburg333.Ginzburg.concatenate_zero_left: [propext, Quot.sound, Classical.choice]
AUDIT Ginzburg333.Ginzburg.concatenate_zero_right: [propext, Quot.sound, Classical.choice]
AUDIT Ginzburg333.Ginzburg.coordinates._proof_15: [propext]
AUDIT Ginzburg333.Ginzburg.coordinates.eq_1: [propext]
AUDIT Ginzburg333.Ginzburg.differential.eq_1: [propext, Quot.sound, Classical.choice]
AUDIT Ginzburg333.Ginzburg.differential_cohomological: [propext, Quot.sound, Classical.choice]
AUDIT Ginzburg333.Ginzburg.differential_internal: [propext, Quot.sound, Classical.choice]
AUDIT Ginzburg333.Ginzburg.differential_square: [propext, Quot.sound, Classical.choice]
AUDIT Ginzburg333.Ginzburg.differential_term_valid: [propext, Classical.choice, Quot.sound]
AUDIT Ginzburg333.Ginzburg.endpoint?.eq_1: [propext]
AUDIT Ginzburg333.Ginzburg.endpoint?.eq_2: [propext]
AUDIT Ginzburg333.Ginzburg.endpoint_append: [propext, Quot.sound]
AUDIT Ginzburg333.Ginzburg.finiteDimensional_bigradedComponent: [propext, Quot.sound, Classical.choice]
AUDIT Ginzburg333.Ginzburg.finiteDimensional_internalComponent: [propext, Quot.sound, Classical.choice]
AUDIT Ginzburg333.Ginzburg.finite_internal_basis: [propext, Quot.sound, Classical.choice]
AUDIT Ginzburg333.Ginzburg.finite_internal_basis._proof_1: [propext, Quot.sound]
AUDIT Ginzburg333.Ginzburg.forgetPathValidity.eq_1: [propext, Quot.sound, Classical.choice]
AUDIT Ginzburg333.Ginzburg.forgetPathValidity_basisDifferential: [propext, Quot.sound, Classical.choice]
AUDIT Ginzburg333.Ginzburg.forgetPathValidity_differential: [propext, Quot.sound, Classical.choice]
AUDIT Ginzburg333.Ginzburg.forgetPathValidity_injective: [propext, Quot.sound, Classical.choice]
AUDIT Ginzburg333.Ginzburg.forgetPathValidity_pathTerm: [propext, Quot.sound, Classical.choice]
AUDIT Ginzburg333.Ginzburg.forgetPathValidity_single: [propext, Quot.sound, Classical.choice]
AUDIT Ginzburg333.Ginzburg.freeDifferential.eq_1: [propext, Quot.sound, Classical.choice]
AUDIT Ginzburg333.Ginzburg.freeDifferential_leibniz: [propext, Quot.sound, Classical.choice]
AUDIT Ginzburg333.Ginzburg.freeDifferential_parity: [propext, Quot.sound, Classical.choice]
AUDIT Ginzburg333.Ginzburg.freeDifferential_single: [propext, Quot.sound, Classical.choice]
AUDIT Ginzburg333.Ginzburg.freeDifferential_square: [propext, Quot.sound, Classical.choice]
AUDIT Ginzburg333.Ginzburg.generatorDifferential.eq_1: [propext]
AUDIT Ginzburg333.Ginzburg.generatorDifferential.eq_2: [propext]
AUDIT Ginzburg333.Ginzburg.generatorDifferential.eq_3: [propext]
AUDIT Ginzburg333.Ginzburg.generatorDifferential_terms: [propext, Quot.sound, Classical.choice]
AUDIT Ginzburg333.Ginzburg.generatorDifferential_terms._proof_1: [propext, Quot.sound]
AUDIT Ginzburg333.Ginzburg.generatorDifferential_terms._proof_2: [propext, Quot.sound]
AUDIT Ginzburg333.Ginzburg.generatorDifferential_terms._proof_3: [propext]
AUDIT Ginzburg333.Ginzburg.generator_card: [propext, Quot.sound, Classical.choice]
AUDIT Ginzburg333.Ginzburg.generator_wordDifferential_square: [propext, Quot.sound, Classical.choice]
AUDIT Ginzburg333.Ginzburg.ginzburgRegular_of_internal_primitives: [propext, Quot.sound, Classical.choice]
AUDIT Ginzburg333.Ginzburg.homogeneous_positive_eq_zero: [propext, Quot.sound, Classical.choice]
AUDIT Ginzburg333.Ginzburg.homogeneous_positive_eq_zero._proof_2: [propext, Quot.sound]
AUDIT Ginzburg333.Ginzburg.internalProjection._proof_6: [propext, Quot.sound, Classical.choice]
AUDIT Ginzburg333.Ginzburg.internalProjection._proof_7: [propext, Quot.sound, Classical.choice]
AUDIT Ginzburg333.Ginzburg.internalProjection_apply: [propext, Quot.sound, Classical.choice]
AUDIT Ginzburg333.Ginzburg.internalProjection_cohomological: [propext, Quot.sound, Classical.choice]
AUDIT Ginzburg333.Ginzburg.internalProjection_differential: [propext, Quot.sound, Classical.choice]
AUDIT Ginzburg333.Ginzburg.internalProjection_eq_self: [propext, Quot.sound, Classical.choice]
AUDIT Ginzburg333.Ginzburg.internalProjection_eq_zero: [propext, Quot.sound, Classical.choice]
AUDIT Ginzburg333.Ginzburg.internalProjection_internal: [propext, Quot.sound, Classical.choice]
AUDIT Ginzburg333.Ginzburg.list_sum_mem_submodule: [propext, Quot.sound, Classical.choice]
AUDIT Ginzburg333.Ginzburg.locateWords.eq_1: [propext, Quot.sound, Classical.choice]
AUDIT Ginzburg333.Ginzburg.locateWords_single: [propext, Quot.sound, Classical.choice]
AUDIT Ginzburg333.Ginzburg.locatedDifferential.eq_1: [propext, Quot.sound, Classical.choice]
AUDIT Ginzburg333.Ginzburg.locatedDifferential_locateWords: [propext, Quot.sound, Classical.choice]
AUDIT Ginzburg333.Ginzburg.locatedDifferential_single: [propext, Quot.sound, Classical.choice]
AUDIT Ginzburg333.Ginzburg.locatedDifferential_square: [propext, Quot.sound, Classical.choice]
AUDIT Ginzburg333.Ginzburg.mem_bigradedComponent: [propext, Quot.sound, Classical.choice]
AUDIT Ginzburg333.Ginzburg.negate_list_sum: [propext, Quot.sound, Classical.choice]
AUDIT Ginzburg333.Ginzburg.parity.eq_1: [propext, Quot.sound, Classical.choice]
AUDIT Ginzburg333.Ginzburg.parity_single: [propext, Quot.sound, Classical.choice]
AUDIT Ginzburg333.Ginzburg.parity_square: [propext, Quot.sound, Classical.choice]
AUDIT Ginzburg333.Ginzburg.parity_wordVectorDifferential: [propext, Quot.sound, Classical.choice]
AUDIT Ginzburg333.Ginzburg.pathTerm.eq_1: [propext, Quot.sound, Classical.choice]
AUDIT Ginzburg333.Ginzburg.pathTerm_mem_supported: [propext, Quot.sound, Classical.choice]
AUDIT Ginzburg333.Ginzburg.prependWords.eq_1: [propext, Quot.sound, Classical.choice]
AUDIT Ginzburg333.Ginzburg.prependWords_appendWords: [propext, Quot.sound, Classical.choice]
AUDIT Ginzburg333.Ginzburg.prependWords_nil: [propext, Quot.sound, Classical.choice]
AUDIT Ginzburg333.Ginzburg.prependWords_prependWords: [propext, Quot.sound, Classical.choice]
AUDIT Ginzburg333.Ginzburg.prependWords_single: [propext, Quot.sound, Classical.choice]
AUDIT Ginzburg333.Ginzburg.sum_internalProjection: [propext, Quot.sound, Classical.choice]
AUDIT Ginzburg333.Ginzburg.wordDifferential.eq_1: [propext, Classical.choice, Quot.sound]
AUDIT Ginzburg333.Ginzburg.wordDifferential.eq_2: [propext, Classical.choice, Quot.sound]
AUDIT Ginzburg333.Ginzburg.wordDifferential_degrees: [propext, Classical.choice, Quot.sound]
AUDIT Ginzburg333.Ginzburg.wordDifferential_degrees._proof_1: [propext]
AUDIT Ginzburg333.Ginzburg.wordDifferential_degrees._proof_2: [propext, Quot.sound]
AUDIT Ginzburg333.Ginzburg.wordDifferential_degrees._proof_3: [propext, Quot.sound]
AUDIT Ginzburg333.Ginzburg.wordDifferential_degrees._proof_4: [propext, Quot.sound]
AUDIT Ginzburg333.Ginzburg.wordDifferential_degrees._proof_5: [propext, Quot.sound]
AUDIT Ginzburg333.Ginzburg.wordDifferential_degrees._proof_6: [propext, Quot.sound]
AUDIT Ginzburg333.Ginzburg.wordDifferential_endpoints: [propext, Classical.choice, Quot.sound]
AUDIT Ginzburg333.Ginzburg.wordDifferential_endpoints._proof_1: [propext]
AUDIT Ginzburg333.Ginzburg.wordDifferential_endpoints._proof_2: [propext, Quot.sound]
AUDIT Ginzburg333.Ginzburg.wordNegative.eq_1: [propext]
AUDIT Ginzburg333.Ginzburg.wordNegative_append: [propext, Quot.sound]
AUDIT Ginzburg333.Ginzburg.wordNegative_cons: [propext]
AUDIT Ginzburg333.Ginzburg.wordNegative_nil: [propext]
AUDIT Ginzburg333.Ginzburg.wordTerm.eq_1: [propext, Quot.sound, Classical.choice]
AUDIT Ginzburg333.Ginzburg.wordVectorDifferential.eq_1: [propext, Quot.sound, Classical.choice]
AUDIT Ginzburg333.Ginzburg.wordVectorDifferential_append: [propext, Quot.sound, Classical.choice]
AUDIT Ginzburg333.Ginzburg.wordVectorDifferential_cons: [propext, Quot.sound, Classical.choice]
AUDIT Ginzburg333.Ginzburg.wordVectorDifferential_nil: [propext, Quot.sound, Classical.choice]
AUDIT Ginzburg333.Ginzburg.wordVectorDifferential_square: [propext, Quot.sound, Classical.choice]
AUDIT Ginzburg333.Ginzburg.wordWeight.eq_1: [propext]
AUDIT Ginzburg333.Ginzburg.wordWeight_append: [propext, Quot.sound]
AUDIT Ginzburg333.Ginzburg.wordWeight_cons: [propext]
AUDIT Ginzburg333.Ginzburg.wordWeight_nil: [propext]
AUDIT Ginzburg333.Ginzburg.word_degree: [propext, Quot.sound]
AUDIT Ginzburg333.Ginzburg.word_degree._proof_15: [propext, Quot.sound]
AUDIT Ginzburg333.Ginzburg.word_length_le_weight: [propext, Quot.sound]
AUDIT Ginzburg333.Ginzburg.word_length_le_weight._proof_1: [propext, Quot.sound]
AUDIT Ginzburg333.Homology.colonInclusion._proof_1: [propext]
AUDIT Ginzburg333.Homology.colonInclusion._proof_2: [propext, Quot.sound, Classical.choice]
AUDIT Ginzburg333.Homology.colonInclusion_injective: [propext, Quot.sound, Classical.choice]
AUDIT Ginzburg333.Homology.colonInclusion_injective._proof_6: [propext, Quot.sound, Classical.choice]
AUDIT Ginzburg333.Homology.colonInclusion_mkQ: [propext, Quot.sound, Classical.choice]
AUDIT Ginzburg333.Homology.colon_quotient_exact: [propext, Quot.sound, Classical.choice]
AUDIT Ginzburg333.Homology.colon_quotient_exact._proof_6: [propext, Quot.sound, Classical.choice]
AUDIT Ginzburg333.Homology.diagonal_of_filtration: [propext, Classical.choice, Quot.sound]
AUDIT Ginzburg333.Homology.exactAt_dual: [propext, Quot.sound, Classical.choice]
AUDIT Ginzburg333.Homology.exactAt_finsupp: [propext, Quot.sound, Classical.choice]
AUDIT Ginzburg333.Homology.exactAt_iff_range_eq_ker: [propext, Quot.sound]
AUDIT Ginzburg333.Homology.filtration_induction: [Classical.choice, propext, Quot.sound]
AUDIT Ginzburg333.Homology.filtration_induction._proof_1: [propext, Quot.sound]
AUDIT Ginzburg333.Homology.filtration_induction._proof_2: [propext, Quot.sound]
AUDIT Ginzburg333.Homology.filtration_induction._proof_3: [propext, Quot.sound]
AUDIT Ginzburg333.Homology.finsupp_map_injective: [propext, Quot.sound, Classical.choice]
AUDIT Ginzburg333.Homology.finsupp_map_surjective: [propext, Quot.sound, Classical.choice]
AUDIT Ginzburg333.Homology.negative_degree_is_off_diagonal: [propext, Quot.sound]
AUDIT Ginzburg333.Homology.negative_degree_is_off_diagonal._proof_1: [propext, Quot.sound]
AUDIT Ginzburg333.Homology.quotient_exact_of_exact: [propext]
AUDIT Ginzburg333.Homology.quotient_maps_short_exact: [propext, Quot.sound, Classical.choice]
AUDIT Ginzburg333.Homology.short_exact_finsupp: [propext, Quot.sound, Classical.choice]
AUDIT Ginzburg333.Homology.stepProjection._proof_3: [propext, Quot.sound]
AUDIT Ginzburg333.Homology.stepProjection._proof_4: [propext]
AUDIT Ginzburg333.Homology.stepProjection._proof_5: [propext, Quot.sound, Classical.choice]
AUDIT Ginzburg333.Homology.stepProjection_mkQ: [propext, Quot.sound, Classical.choice]
AUDIT Ginzburg333.Homology.stepProjection_surjective: [propext, Quot.sound, Classical.choice]
AUDIT Ginzburg333.Homology.trivial_middle_of_exact: [propext]
AUDIT Ginzburg333.Signs.Cut.left.eq_1: []
AUDIT Ginzburg333.Signs.Cut.left.eq_2: []
AUDIT Ginzburg333.Signs.Cut.left.eq_3: []
AUDIT Ginzburg333.Signs.Cut.ofNat_toCtorIdx: []
AUDIT Ginzburg333.Signs.Cut.oneOne.sizeOf_spec: []
AUDIT Ginzburg333.Signs.Cut.oneTwo.sizeOf_spec: []
AUDIT Ginzburg333.Signs.Cut.right.eq_1: []
AUDIT Ginzburg333.Signs.Cut.right.eq_2: []
AUDIT Ginzburg333.Signs.Cut.right.eq_3: []
AUDIT Ginzburg333.Signs.Cut.twoOne.sizeOf_spec: []
AUDIT Ginzburg333.Signs.comparison_parity: [propext, Quot.sound]
AUDIT Ginzburg333.Signs.comparison_parity._proof_3: [propext, Quot.sound]
AUDIT Ginzburg333.Signs.comparison_parity._proof_4: [propext, Quot.sound]
AUDIT Ginzburg333.Signs.comparison_parity._proof_5: [propext, Quot.sound]
AUDIT Ginzburg333.Signs.countThree.eq_1: []
AUDIT Ginzburg333.Signs.countThree.eq_2: []
AUDIT Ginzburg333.Signs.instDecidableEqCut._proof_1: []
AUDIT Ginzburg333.Signs.instDecidableEqCut._proof_2: []
AUDIT Ginzburg333.Signs.length_le_sum: [propext, Quot.sound]
AUDIT Ginzburg333.Signs.length_le_sum._proof_3: [propext, Quot.sound]
AUDIT Ginzburg333.Signs.sigma.eq_1: [propext]
AUDIT Ginzburg333.Signs.sigma.eq_2: [propext]
AUDIT Ginzburg333.Signs.sigma_formula: [propext, Quot.sound]
AUDIT Ginzburg333.Signs.sigma_formula._proof_1: [propext, Quot.sound]
AUDIT Ginzburg333.Signs.split_balance: [propext, Quot.sound]
AUDIT Ginzburg333.Signs.split_balance._proof_3: [propext, Quot.sound]
AUDIT Ginzburg333.Signs.split_balance._proof_4: [propext, Quot.sound]
AUDIT Ginzburg333.Signs.split_balance._proof_5: [propext, Quot.sound]
AUDIT Ginzburg333.Signs.split_balance._proof_6: [propext, Quot.sound]
AUDIT Ginzburg333.Signs.split_increases_length: [propext, Quot.sound]
AUDIT Ginzburg333.Signs.split_increases_length._proof_3: [propext, Quot.sound]
AUDIT Ginzburg333.Signs.split_preserves_internal_degree: [propext, Quot.sound]
AUDIT Ginzburg333.Signs.split_preserves_internal_degree._proof_3: [propext, Quot.sound]
AUDIT Ginzburg333.Signs.three.eq_1: []
AUDIT Ginzburg333.Signs.weighted.eq_1: [propext]
AUDIT Ginzburg333.Signs.weighted.eq_2: [propext]
AUDIT Ginzburg333.augmentation._proof_4: [propext, Quot.sound, Classical.choice]
AUDIT Ginzburg333.augmentation._proof_5: [propext, Quot.sound, Classical.choice]
AUDIT Ginzburg333.augmentation.eq_1: [propext, Quot.sound, Classical.choice]
AUDIT Ginzburg333.coeff.eq_1: [propext]
AUDIT Ginzburg333.contract._proof_3: [propext, Quot.sound, Classical.choice]
AUDIT Ginzburg333.contract._proof_4: [propext, Quot.sound, Classical.choice]
AUDIT Ginzburg333.contract.eq_1: [propext, Quot.sound, Classical.choice]
AUDIT Ginzburg333.contraction._proof_5: [propext, Quot.sound, Classical.choice]
AUDIT Ginzburg333.contraction._proof_6: [propext, Quot.sound, Classical.choice]
AUDIT Ginzburg333.contraction._proof_7: [propext, Quot.sound, Classical.choice]
AUDIT Ginzburg333.contraction.eq_1: [propext, Quot.sound, Classical.choice]
AUDIT Ginzburg333.degreeProjection._proof_1: [propext, Quot.sound, Classical.choice]
AUDIT Ginzburg333.degreeProjection._proof_2: [propext, Quot.sound, Classical.choice]
AUDIT Ginzburg333.degreeProjection.eq_1: [propext, Quot.sound, Classical.choice]
AUDIT Ginzburg333.degreeProjection_comp: [propext, Quot.sound, Classical.choice]
AUDIT Ginzburg333.dot.eq_1: [propext, Quot.sound, Classical.choice]
AUDIT Ginzburg333.dotMap._proof_2: [propext, Quot.sound, Classical.choice]
AUDIT Ginzburg333.dotMap_apply: [propext, Quot.sound, Classical.choice]
AUDIT Ginzburg333.dotMap_surjective: [propext, Classical.choice, Quot.sound]
AUDIT Ginzburg333.dot_add_left: [propext, Quot.sound, Classical.choice]
AUDIT Ginzburg333.dot_add_right: [propext, Quot.sound, Classical.choice]
AUDIT Ginzburg333.dot_comm: [propext, Quot.sound, Classical.choice]
AUDIT Ginzburg333.dot_smul_left: [propext, Quot.sound, Classical.choice]
AUDIT Ginzburg333.dot_smul_right: [propext, Quot.sound, Classical.choice]
AUDIT Ginzburg333.dot_unit_left: [propext, Quot.sound, Classical.choice]
AUDIT Ginzburg333.dot_unit_right: [propext, Quot.sound, Classical.choice]
AUDIT Ginzburg333.dot_vectorOfFunctional: [propext, Quot.sound, Classical.choice]
AUDIT Ginzburg333.dot_zero_left: [propext, Quot.sound, Classical.choice]
AUDIT Ginzburg333.dot_zero_right: [propext, Quot.sound, Classical.choice]
AUDIT Ginzburg333.embedRow.eq_1: [propext, Classical.choice, Quot.sound]
AUDIT Ginzburg333.eq_zero_of_dot_left: [propext, Quot.sound, Classical.choice]
AUDIT Ginzburg333.eq_zero_of_dot_right: [propext, Quot.sound, Classical.choice]
AUDIT Ginzburg333.exists_noninjective_in_plane: [propext, Quot.sound, Classical.choice]
AUDIT Ginzburg333.finrank_auxiliary: [propext, Quot.sound, Classical.choice]
AUDIT Ginzburg333.finrank_comap_plane: [propext, Quot.sound, Classical.choice]
AUDIT Ginzburg333.finrank_comap_plane._proof_10: [propext, Quot.sound, Classical.choice]
AUDIT Ginzburg333.finrank_comap_plane._proof_8: [propext, Quot.sound]
AUDIT Ginzburg333.finrank_comap_plane._proof_9: [propext, Quot.sound, Classical.choice]
AUDIT Ginzburg333.finrank_dot_ker: [propext, Classical.choice, Quot.sound]
AUDIT Ginzburg333.finrank_dot_ker._proof_3: [propext, Quot.sound, Classical.choice]
AUDIT Ginzburg333.finrank_row: [propext, Quot.sound, Classical.choice]
AUDIT Ginzburg333.finrank_sup_span_gt: [propext, Quot.sound, Classical.choice]
AUDIT Ginzburg333.finrank_vec: [propext, Quot.sound, Classical.choice]
AUDIT Ginzburg333.mem_planeRows: [propext, Quot.sound, Classical.choice]
AUDIT Ginzburg333.mem_planeRows._proof_1: [Quot.sound, propext]
AUDIT Ginzburg333.next._proof_1: [propext]
AUDIT Ginzburg333.next.eq_1: [propext]
AUDIT Ginzburg333.next_three: [propext, Quot.sound, Classical.choice]
AUDIT Ginzburg333.ofTensor._proof_8: [propext, Quot.sound, Classical.choice]
AUDIT Ginzburg333.planeRows.eq_1: [propext, Quot.sound, Classical.choice]
AUDIT Ginzburg333.plane_sup_span_eq_top: [propext, Quot.sound, Classical.choice]
AUDIT Ginzburg333.previousDegree._proof_3: [propext]
AUDIT Ginzburg333.previousDegree.eq_1: [propext]
AUDIT Ginzburg333.rowDegreeTwo._proof_2: [propext, Classical.choice, Quot.sound]
AUDIT Ginzburg333.rowDegreeTwo._proof_3: [propext, Classical.choice, Quot.sound]
AUDIT Ginzburg333.split_plane: [propext, Quot.sound, Classical.choice]
AUDIT Ginzburg333.split_plane._proof_1: [propext, Quot.sound, Classical.choice]
AUDIT Ginzburg333.split_plane._proof_2: [propext, Quot.sound, Classical.choice]
AUDIT Ginzburg333.sum_degreeProjection: [propext, Quot.sound, Classical.choice]
AUDIT Ginzburg333.sum_unitVec: [propext, Quot.sound, Classical.choice]
AUDIT Ginzburg333.unitVec.eq_1: [propext, Classical.choice, Quot.sound]
AUDIT Ginzburg333.vectorOfFunctional_ne_zero: [propext, Quot.sound, Classical.choice]
PROJECT_THEOREMS_CHECKED: 561
LIBRARY BUILT; all project theorem axioms are standard. The main theorem is still absent.
