AUDIT Ginzburg333.Bar.BarExact.eq_1: [propext, Quot.sound, Classical.choice]
AUDIT Ginzburg333.Bar.RightAction.assoc: [propext, Quot.sound, Classical.choice]
AUDIT Ginzburg333.Bar.RightAction.identity: [propext, Quot.sound, Classical.choice]
AUDIT Ginzburg333.Bar.RightAction.mk.inj: [propext, Quot.sound, Classical.choice]
AUDIT Ginzburg333.Bar.RightAction.mk.injEq: [propext, Quot.sound, Classical.choice]
AUDIT Ginzburg333.Bar.RightAction.mk.sizeOf_spec: [propext, Quot.sound, Classical.choice]
AUDIT Ginzburg333.Bar.action_positiveMultiplication: [propext, Quot.sound, Classical.choice]
AUDIT Ginzburg333.Bar.ambientDifferential._proof_7: [propext, Quot.sound]
AUDIT Ginzburg333.Bar.ambientDifferential.eq_1: [propext, Quot.sound, Classical.choice]
AUDIT Ginzburg333.Bar.ambientDifferential_balanced: [propext, Quot.sound, Classical.choice]
AUDIT Ginzburg333.Bar.ambientDifferential_eq: [propext, Quot.sound, Classical.choice]
AUDIT Ginzburg333.Bar.ambientDifferential_homological: [propext, Quot.sound, Classical.choice]
AUDIT Ginzburg333.Bar.ambientDifferential_homological._proof_1: [propext, Quot.sound]
AUDIT Ginzburg333.Bar.ambientDifferential_internal: [propext, Quot.sound, Classical.choice]
AUDIT Ginzburg333.Bar.ambientDifferential_natural: [propext, Quot.sound, Classical.choice]
AUDIT Ginzburg333.Bar.ambientDifferential_single: [propext, Quot.sound, Classical.choice]
AUDIT Ginzburg333.Bar.ambientDifferential_square: [propext, Quot.sound, Classical.choice]
AUDIT Ginzburg333.Bar.augmentation_positiveBasis: [propext, Quot.sound, Classical.choice]
AUDIT Ginzburg333.Bar.balancedAmbient._proof_8: [propext, Quot.sound, Classical.choice]
AUDIT Ginzburg333.Bar.balancedAmbient._proof_9: [propext, Quot.sound]
AUDIT Ginzburg333.Bar.balanced_single: [propext, Quot.sound, Classical.choice]
AUDIT Ginzburg333.Bar.barExact_below: [propext, Quot.sound, Classical.choice]
AUDIT Ginzburg333.Bar.barExact_filtration_step: [propext, Quot.sound, Classical.choice]
AUDIT Ginzburg333.Bar.barExact_free: [propext, Quot.sound, Classical.choice]
AUDIT Ginzburg333.Bar.barExact_zero: [propext, Quot.sound, Classical.choice]
AUDIT Ginzburg333.Bar.chainDifferential_square: [propext, Quot.sound, Classical.choice]
AUDIT Ginzburg333.Bar.chainDifferential_succ: [propext, Quot.sound, Classical.choice]
AUDIT Ginzburg333.Bar.chainDifferential_zero: [propext, Quot.sound, Classical.choice]
AUDIT Ginzburg333.Bar.coefficientMap.eq_1: [propext, Quot.sound, Classical.choice]
AUDIT Ginzburg333.Bar.coefficientMap_apply: [propext, Quot.sound, Classical.choice]
AUDIT Ginzburg333.Bar.coefficientMap_balanced: [propext, Quot.sound, Classical.choice]
AUDIT Ginzburg333.Bar.coefficientMap_length: [propext, Quot.sound, Classical.choice]
AUDIT Ginzburg333.Bar.coefficientMap_lengthProjection: [propext, Quot.sound, Classical.choice]
AUDIT Ginzburg333.Bar.coefficientMap_single: [propext, Quot.sound, Classical.choice]
AUDIT Ginzburg333.Bar.coefficientMap_tensorWords: [propext, Quot.sound, Classical.choice]
AUDIT Ginzburg333.Bar.coefficientProjection.eq_1: [propext, Quot.sound, Classical.choice]
AUDIT Ginzburg333.Bar.composable.eq_1: [propext]
AUDIT Ginzburg333.Bar.composable.eq_2: [propext]
AUDIT Ginzburg333.Bar.composable.eq_3: [propext]
AUDIT Ginzburg333.Bar.composable_decidable._proof_2: []
AUDIT Ginzburg333.Bar.composable_decidable._proof_3: []
AUDIT Ginzburg333.Bar.composable_decidable._proof_4: []
AUDIT Ginzburg333.Bar.cornerProjection._proof_1: [propext, Classical.choice, Quot.sound]
AUDIT Ginzburg333.Bar.cornerProjection.eq_1: [propext, Quot.sound, Classical.choice]
AUDIT Ginzburg333.Bar.cornerProjection_idempotent: [propext, Quot.sound, Classical.choice]
AUDIT Ginzburg333.Bar.endpoint_reverse_cons: [propext, Quot.sound]
AUDIT Ginzburg333.Bar.filtration_ambient_short_exact: [propext, Quot.sound, Classical.choice]
AUDIT Ginzburg333.Bar.filtration_inclusion_natural: [propext, Quot.sound, Classical.choice]
AUDIT Ginzburg333.Bar.filtration_internal_short_exact: [propext, Quot.sound, Classical.choice]
AUDIT Ginzburg333.Bar.filtration_normalized_short_exact: [propext, Quot.sound, Classical.choice]
AUDIT Ginzburg333.Bar.filtration_projection_natural: [propext, Quot.sound, Classical.choice]
AUDIT Ginzburg333.Bar.finiteDimensional_internallyNormalizedTerm: [propext, Quot.sound, Classical.choice]
AUDIT Ginzburg333.Bar.finiteDimensional_lengthComponent: [propext, Quot.sound, Classical.choice]
AUDIT Ginzburg333.Bar.finite_length_basis: [propext, Quot.sound, Classical.choice]
AUDIT Ginzburg333.Bar.firstAction._proof_3: [propext, Quot.sound]
AUDIT Ginzburg333.Bar.firstAction._proof_4: [propext, Classical.choice, Quot.sound]
AUDIT Ginzburg333.Bar.firstAction.eq_1: [propext, Quot.sound, Classical.choice]
AUDIT Ginzburg333.Bar.firstAction_cons: [propext, Quot.sound, Classical.choice]
AUDIT Ginzburg333.Bar.firstAction_mergeHeadChain: [propext, Quot.sound, Classical.choice]
AUDIT Ginzburg333.Bar.firstAction_nil: [propext, Quot.sound, Classical.choice]
AUDIT Ginzburg333.Bar.firstAction_prepend: [propext, Quot.sound, Classical.choice]
AUDIT Ginzburg333.Bar.firstAction_square_identity: [propext, Quot.sound, Classical.choice]
AUDIT Ginzburg333.Bar.firstSource.eq_1: [propext]
AUDIT Ginzburg333.Bar.firstSource.eq_2: [propext]
AUDIT Ginzburg333.Bar.homologicalDifferential._proof_1: [propext, Quot.sound, Classical.choice]
AUDIT Ginzburg333.Bar.homologicalDifferential._proof_2: [propext, Quot.sound, Classical.choice]
AUDIT Ginzburg333.Bar.homologicalDifferential._proof_3: [propext, Quot.sound, Classical.choice]
AUDIT Ginzburg333.Bar.homologicalDifferential._proof_4: [propext, Quot.sound, Classical.choice]
AUDIT Ginzburg333.Bar.homologicalDifferential._proof_5: [propext, Quot.sound, Classical.choice]
AUDIT Ginzburg333.Bar.homologicalDifferential_square: [propext, Quot.sound, Classical.choice]
AUDIT Ginzburg333.Bar.identityRow_corner: [propext, Quot.sound, Classical.choice]
AUDIT Ginzburg333.Bar.inclusion_coefficientProjection: [propext, Quot.sound, Classical.choice]
AUDIT Ginzburg333.Bar.inclusion_coefficientProjection._proof_1: [propext, Classical.choice, Quot.sound]
AUDIT Ginzburg333.Bar.inclusion_coefficientProjection._proof_2: [propext, Classical.choice, Quot.sound]
AUDIT Ginzburg333.Bar.inclusion_coefficientProjection._proof_3: [propext, Classical.choice, Quot.sound]
AUDIT Ginzburg333.Bar.inclusion_internal: [propext, Quot.sound, Classical.choice]
AUDIT Ginzburg333.Bar.inclusion_internalProjection: [propext, Quot.sound, Classical.choice]
AUDIT Ginzburg333.Bar.inclusion_top_degree: [propext, Quot.sound, Classical.choice]
AUDIT Ginzburg333.Bar.initialProjection_eq_of_firstSource: [propext, Quot.sound, Classical.choice]
AUDIT Ginzburg333.Bar.initialProjection_idempotent: [propext, Quot.sound, Classical.choice]
AUDIT Ginzburg333.Bar.innerBasisDifferential.eq_1: [propext, Quot.sound, Classical.choice]
AUDIT Ginzburg333.Bar.innerBasisDifferential.eq_2: [propext, Quot.sound, Classical.choice]
AUDIT Ginzburg333.Bar.innerBasisDifferential.eq_3: [propext, Quot.sound, Classical.choice]
AUDIT Ginzburg333.Bar.innerBasisDifferential_composable: [propext, Quot.sound, Classical.choice]
AUDIT Ginzburg333.Bar.innerBasisDifferential_homological: [propext, Quot.sound, Classical.choice]
AUDIT Ginzburg333.Bar.innerBasisDifferential_homological._proof_1: [propext]
AUDIT Ginzburg333.Bar.innerBasisDifferential_homological._proof_2: [propext, Quot.sound]
AUDIT Ginzburg333.Bar.innerBasisDifferential_internal: [propext, Quot.sound, Classical.choice]
AUDIT Ginzburg333.Bar.innerBasisDifferential_internal._proof_7: [propext, Quot.sound]
AUDIT Ginzburg333.Bar.innerBasisDifferential_internal._proof_8: [propext]
AUDIT Ginzburg333.Bar.innerChainDifferential.eq_1: [propext, Quot.sound, Classical.choice]
AUDIT Ginzburg333.Bar.innerChainDifferential_coefficientMap: [propext, Quot.sound, Classical.choice]
AUDIT Ginzburg333.Bar.innerChainDifferential_prepend: [propext, Quot.sound, Classical.choice]
AUDIT Ginzburg333.Bar.innerChainDifferential_square: [propext, Quot.sound, Classical.choice]
AUDIT Ginzburg333.Bar.innerChainDifferential_tensorWords: [propext, Quot.sound, Classical.choice]
AUDIT Ginzburg333.Bar.innerDifferential.eq_1: [propext, Quot.sound, Classical.choice]
AUDIT Ginzburg333.Bar.innerDifferential_mergeHead: [propext, Quot.sound, Classical.choice]
AUDIT Ginzburg333.Bar.innerDifferential_prepend: [propext, Quot.sound, Classical.choice]
AUDIT Ginzburg333.Bar.innerDifferential_square: [propext, Quot.sound, Classical.choice]
AUDIT Ginzburg333.Bar.innerDifferential_square_word: [propext, Quot.sound, Classical.choice]
AUDIT Ginzburg333.Bar.internalComponent._proof_1: [propext, Quot.sound, Classical.choice]
AUDIT Ginzburg333.Bar.internalComponent._proof_2: [propext, Quot.sound, Classical.choice]
AUDIT Ginzburg333.Bar.internalComponent._proof_3: [propext, Quot.sound, Classical.choice]
AUDIT Ginzburg333.Bar.internalInclusion._proof_2: [propext, Quot.sound, Classical.choice]
AUDIT Ginzburg333.Bar.internalInclusion._proof_3: [propext, Quot.sound, Classical.choice]
AUDIT Ginzburg333.Bar.internalInclusion._proof_4: [propext, Quot.sound, Classical.choice]
AUDIT Ginzburg333.Bar.internalInclusion._proof_5: [propext, Quot.sound, Classical.choice]
AUDIT Ginzburg333.Bar.internalInclusion._proof_6: [propext, Quot.sound, Classical.choice]
AUDIT Ginzburg333.Bar.internalInclusion_chainDifferential: [propext, Quot.sound, Classical.choice]
AUDIT Ginzburg333.Bar.internalInclusion_differential: [propext, Quot.sound, Classical.choice]
AUDIT Ginzburg333.Bar.internalInclusion_exact: [propext, Quot.sound, Classical.choice]
AUDIT Ginzburg333.Bar.internalInclusion_injective: [propext, Quot.sound, Classical.choice]
AUDIT Ginzburg333.Bar.internalProjection._proof_4: [propext, Quot.sound]
AUDIT Ginzburg333.Bar.internalProjection._proof_5: [propext, Quot.sound, Classical.choice]
AUDIT Ginzburg333.Bar.internalProjection._proof_6: [propext, Quot.sound]
AUDIT Ginzburg333.Bar.internalProjection.eq_1: [propext, Quot.sound, Classical.choice]
AUDIT Ginzburg333.Bar.internalProjection_apply: [propext, Quot.sound, Classical.choice]
AUDIT Ginzburg333.Bar.internalProjection_balanced: [propext, Quot.sound, Classical.choice]
AUDIT Ginzburg333.Bar.internalProjection_differential: [propext, Quot.sound, Classical.choice]
AUDIT Ginzburg333.Bar.internalProjection_eq_self: [propext, Quot.sound, Classical.choice]
AUDIT Ginzburg333.Bar.internalProjection_idempotent: [propext, Quot.sound, Classical.choice]
AUDIT Ginzburg333.Bar.internalProjection_length: [propext, Quot.sound, Classical.choice]
AUDIT Ginzburg333.Bar.internalProjection_mem: [propext, Quot.sound, Classical.choice]
AUDIT Ginzburg333.Bar.internalProjection_normalization: [propext, Quot.sound, Classical.choice]
AUDIT Ginzburg333.Bar.internalProjection_on_component: [propext, Quot.sound, Classical.choice]
AUDIT Ginzburg333.Bar.internalProjection_on_component._proof_1: [propext, Quot.sound]
AUDIT Ginzburg333.Bar.internalProjection_single: [propext, Quot.sound, Classical.choice]
AUDIT Ginzburg333.Bar.internalQuotient._proof_10: [propext, Quot.sound, Classical.choice]
AUDIT Ginzburg333.Bar.internalQuotient._proof_11: [propext, Quot.sound, Classical.choice]
AUDIT Ginzburg333.Bar.internalQuotient._proof_7: [propext, Quot.sound, Classical.choice]
AUDIT Ginzburg333.Bar.internalQuotient._proof_8: [propext, Quot.sound, Classical.choice]
AUDIT Ginzburg333.Bar.internalQuotient._proof_9: [propext, Quot.sound, Classical.choice]
AUDIT Ginzburg333.Bar.internalQuotient_differential: [propext, Quot.sound, Classical.choice]
AUDIT Ginzburg333.Bar.internalQuotient_surjective: [propext, Quot.sound, Classical.choice]
AUDIT Ginzburg333.Bar.internal_single: [propext, Quot.sound, Classical.choice]
AUDIT Ginzburg333.Bar.internal_single_projected: [propext, Quot.sound, Classical.choice]
AUDIT Ginzburg333.Bar.internallyNormalizedDifferential._proof_10: [propext, Quot.sound, Classical.choice]
AUDIT Ginzburg333.Bar.internallyNormalizedDifferential._proof_11: [propext, Quot.sound, Classical.choice]
AUDIT Ginzburg333.Bar.internallyNormalizedDifferential._proof_7: [propext, Quot.sound, Classical.choice]
AUDIT Ginzburg333.Bar.internallyNormalizedDifferential._proof_8: [propext, Quot.sound, Classical.choice]
AUDIT Ginzburg333.Bar.internallyNormalizedDifferential._proof_9: [propext, Quot.sound, Classical.choice]
AUDIT Ginzburg333.Bar.internallyNormalizedDifferential_square: [propext, Quot.sound, Classical.choice]
AUDIT Ginzburg333.Bar.internallyNormalizedRetraction._proof_1: [propext, Quot.sound]
AUDIT Ginzburg333.Bar.internallyNormalizedRetraction_eq_self: [propext, Quot.sound, Classical.choice]
AUDIT Ginzburg333.Bar.internallyNormalizedRetraction_mem: [propext, Quot.sound, Classical.choice]
AUDIT Ginzburg333.Bar.internallyNormalizedTerm_eq_bot: [propext, Quot.sound, Classical.choice]
AUDIT Ginzburg333.Bar.internallyNormalizedTerm_eq_bot._proof_1: [propext, Quot.sound]
AUDIT Ginzburg333.Bar.internallyNormalized_zero_surjective: [propext, Quot.sound, Classical.choice]
AUDIT Ginzburg333.Bar.internallyNormalized_zero_surjective._proof_1: [propext, Quot.sound]
AUDIT Ginzburg333.Bar.internally_normalized_free_exact: [propext, Quot.sound, Classical.choice]
AUDIT Ginzburg333.Bar.lengthComponent.eq_1: [propext, Quot.sound, Classical.choice]
AUDIT Ginzburg333.Bar.lengthProjection._proof_1: [propext, Quot.sound, Classical.choice]
AUDIT Ginzburg333.Bar.lengthProjection._proof_2: [propext, Quot.sound, Classical.choice]
AUDIT Ginzburg333.Bar.lengthProjection_eq_self: [propext, Quot.sound, Classical.choice]
AUDIT Ginzburg333.Bar.lengthProjection_mem: [propext, Quot.sound, Classical.choice]
AUDIT Ginzburg333.Bar.length_zero_single: [propext, Quot.sound, Classical.choice]
AUDIT Ginzburg333.Bar.liftWordOperator._proof_1: [propext, Quot.sound]
AUDIT Ginzburg333.Bar.liftWordOperator._proof_2: [propext, Quot.sound, Classical.choice]
AUDIT Ginzburg333.Bar.liftWordOperator.eq_1: [propext, Quot.sound, Classical.choice]
AUDIT Ginzburg333.Bar.liftWordOperator_tensorWords: [propext, Quot.sound, Classical.choice]
AUDIT Ginzburg333.Bar.mem_balancedAmbient_iff: [propext, Quot.sound, Classical.choice]
AUDIT Ginzburg333.Bar.mergeHead.eq_1: [propext, Quot.sound, Classical.choice]
AUDIT Ginzburg333.Bar.mergeHeadChain.eq_1: [propext, Quot.sound, Classical.choice]
AUDIT Ginzburg333.Bar.mergeHeadChain_tensorWords: [propext, Quot.sound, Classical.choice]
AUDIT Ginzburg333.Bar.mergeHead_mergeHead: [propext, Quot.sound, Classical.choice]
AUDIT Ginzburg333.Bar.mergeHead_prepend: [propext, Quot.sound, Classical.choice]
AUDIT Ginzburg333.Bar.multiplication._proof_10: [propext, Quot.sound, Classical.choice]
AUDIT Ginzburg333.Bar.multiplication._proof_11: [propext, Quot.sound, Classical.choice]
AUDIT Ginzburg333.Bar.multiplication._proof_12: [propext, Quot.sound, Classical.choice]
AUDIT Ginzburg333.Bar.multiplication._proof_13: [propext, Quot.sound, Classical.choice]
AUDIT Ginzburg333.Bar.multiplication._proof_7: [propext, Quot.sound, Classical.choice]
AUDIT Ginzburg333.Bar.multiplication._proof_8: [propext, Quot.sound, Classical.choice]
AUDIT Ginzburg333.Bar.multiplication._proof_9: [propext, Quot.sound, Classical.choice]
AUDIT Ginzburg333.Bar.multiply_sum_left: [propext, Quot.sound, Classical.choice]
AUDIT Ginzburg333.Bar.multiply_sum_right: [propext, Quot.sound, Classical.choice]
AUDIT Ginzburg333.Bar.multiply_vertexIdempotent: [propext, Quot.sound, Classical.choice]
AUDIT Ginzburg333.Bar.normalization._proof_5: [propext, Quot.sound]
AUDIT Ginzburg333.Bar.normalization._proof_6: [propext, Quot.sound, Classical.choice]
AUDIT Ginzburg333.Bar.normalization._proof_7: [propext, Quot.sound]
AUDIT Ginzburg333.Bar.normalization.eq_1: [propext, Quot.sound, Classical.choice]
AUDIT Ginzburg333.Bar.normalization_apply: [propext, Quot.sound, Classical.choice]
AUDIT Ginzburg333.Bar.normalization_homological: [propext, Quot.sound, Classical.choice]
AUDIT Ginzburg333.Bar.normalization_idempotent: [propext, Quot.sound, Classical.choice]
AUDIT Ginzburg333.Bar.normalization_mem_normalizedTerm: [propext, Quot.sound, Classical.choice]
AUDIT Ginzburg333.Bar.normalization_natural: [propext, Quot.sound, Classical.choice]
AUDIT Ginzburg333.Bar.normalization_single: [propext, Quot.sound, Classical.choice]
AUDIT Ginzburg333.Bar.normalizedDifferential._proof_1: [propext, Quot.sound, Classical.choice]
AUDIT Ginzburg333.Bar.normalizedDifferential._proof_2: [propext, Quot.sound, Classical.choice]
AUDIT Ginzburg333.Bar.normalizedDifferential._proof_3: [propext, Quot.sound, Classical.choice]
AUDIT Ginzburg333.Bar.normalizedDifferential._proof_4: [propext, Quot.sound, Classical.choice]
AUDIT Ginzburg333.Bar.normalizedDifferential._proof_5: [propext, Quot.sound, Classical.choice]
AUDIT Ginzburg333.Bar.normalizedDifferential_natural: [propext, Quot.sound, Classical.choice]
AUDIT Ginzburg333.Bar.normalizedDifferential_square: [propext, Quot.sound, Classical.choice]
AUDIT Ginzburg333.Bar.normalizedMap._proof_10: [propext, Quot.sound, Classical.choice]
AUDIT Ginzburg333.Bar.normalizedMap._proof_11: [propext, Quot.sound, Classical.choice]
AUDIT Ginzburg333.Bar.normalizedMap._proof_6: [propext, Classical.choice, Quot.sound]
AUDIT Ginzburg333.Bar.normalizedMap._proof_7: [propext, Quot.sound, Classical.choice]
AUDIT Ginzburg333.Bar.normalizedMap._proof_8: [propext, Quot.sound, Classical.choice]
AUDIT Ginzburg333.Bar.normalizedMap._proof_9: [propext, Quot.sound, Classical.choice]
AUDIT Ginzburg333.Bar.normalizedMap_exact: [propext, Quot.sound, Classical.choice]
AUDIT Ginzburg333.Bar.normalizedMap_injective: [propext, Quot.sound, Classical.choice]
AUDIT Ginzburg333.Bar.normalizedMap_surjective: [propext, Quot.sound, Classical.choice]
AUDIT Ginzburg333.Bar.normalizedRetraction._proof_3: [propext, Quot.sound]
AUDIT Ginzburg333.Bar.normalizedRetraction_eq_self: [propext, Quot.sound, Classical.choice]
AUDIT Ginzburg333.Bar.normalizedRetraction_mem: [propext, Quot.sound, Classical.choice]
AUDIT Ginzburg333.Bar.normalizedRetraction_natural: [propext, Quot.sound, Classical.choice]
AUDIT Ginzburg333.Bar.normalizedRowContraction._proof_11: [propext, Quot.sound, Classical.choice]
AUDIT Ginzburg333.Bar.normalizedRowContraction._proof_12: [propext, Quot.sound, Classical.choice]
AUDIT Ginzburg333.Bar.normalizedRowContraction._proof_13: [propext, Quot.sound, Classical.choice]
AUDIT Ginzburg333.Bar.normalizedRowContraction._proof_14: [propext, Quot.sound, Classical.choice]
AUDIT Ginzburg333.Bar.normalizedRowContraction._proof_15: [propext, Quot.sound, Classical.choice]
AUDIT Ginzburg333.Bar.normalized_bar_off_diagonal: [propext, Quot.sound, Classical.choice]
AUDIT Ginzburg333.Bar.normalized_bar_off_diagonal._proof_1: [propext, Quot.sound, Classical.choice]
AUDIT Ginzburg333.Bar.normalized_free_quotient_exact: [propext, Quot.sound, Classical.choice]
AUDIT Ginzburg333.Bar.normalized_free_row_exact: [propext, Quot.sound, Classical.choice]
AUDIT Ginzburg333.Bar.onWord._proof_5: [propext, Quot.sound]
AUDIT Ginzburg333.Bar.onWord._proof_6: [propext, Classical.choice, Quot.sound]
AUDIT Ginzburg333.Bar.onWord.eq_1: [propext, Quot.sound, Classical.choice]
AUDIT Ginzburg333.Bar.onWord.eq_2: [propext, Quot.sound, Classical.choice]
AUDIT Ginzburg333.Bar.onWord_balanced: [propext, Quot.sound, Classical.choice]
AUDIT Ginzburg333.Bar.onWord_homological: [propext, Quot.sound, Classical.choice]
AUDIT Ginzburg333.Bar.onWord_internal_projected: [propext, Quot.sound, Classical.choice]
AUDIT Ginzburg333.Bar.onWord_internal_projected._proof_7: [propext, Quot.sound]
AUDIT Ginzburg333.Bar.positiveBasis.eq_1: [propext, Classical.choice, Quot.sound]
AUDIT Ginzburg333.Bar.positiveBasis.eq_2: [propext, Classical.choice, Quot.sound]
AUDIT Ginzburg333.Bar.positiveBasis.eq_3: [propext, Classical.choice, Quot.sound]
AUDIT Ginzburg333.Bar.positiveBasis_at_of_source_ne: [propext, Classical.choice, Quot.sound]
AUDIT Ginzburg333.Bar.positiveBasis_at_of_source_ne._proof_1: [propext]
AUDIT Ginzburg333.Bar.positiveBasis_embed_source: [propext, Classical.choice, Quot.sound]
AUDIT Ginzburg333.Bar.positiveBasis_right_corner: [propext, Quot.sound, Classical.choice]
AUDIT Ginzburg333.Bar.positiveCoefficients._proof_5: [propext, Quot.sound]
AUDIT Ginzburg333.Bar.positiveCoefficients._proof_6: [propext, Quot.sound]
AUDIT Ginzburg333.Bar.positiveCoefficients_apply: [propext, Quot.sound, Classical.choice]
AUDIT Ginzburg333.Bar.positiveCoefficients_injective_on_positive: [propext, Quot.sound, Classical.choice]
AUDIT Ginzburg333.Bar.positiveCoordinate.eq_1: [propext]
AUDIT Ginzburg333.Bar.positiveCoordinate.eq_2: [propext]
AUDIT Ginzburg333.Bar.positiveCoordinate.eq_3: [propext]
AUDIT Ginzburg333.Bar.positiveCoordinate_basis: [propext, Classical.choice, Quot.sound]
AUDIT Ginzburg333.Bar.positiveCoordinate_basis._proof_3: [propext]
AUDIT Ginzburg333.Bar.positiveCoordinate_basis._proof_4: [propext]
AUDIT Ginzburg333.Bar.positiveCoordinate_expansion: [propext, Classical.choice, Quot.sound]
AUDIT Ginzburg333.Bar.positiveCoordinates._proof_1: [propext, Quot.sound, Classical.choice]
AUDIT Ginzburg333.Bar.positiveCoordinates._proof_2: [propext, Quot.sound, Classical.choice]
AUDIT Ginzburg333.Bar.positiveCoordinates.eq_1: [propext, Quot.sound, Classical.choice]
AUDIT Ginzburg333.Bar.positiveExpansion.eq_1: [propext, Classical.choice, Quot.sound]
AUDIT Ginzburg333.Bar.positiveExpansionLinear._proof_3: [propext, Classical.choice, Quot.sound]
AUDIT Ginzburg333.Bar.positiveExpansionLinear._proof_4: [propext, Classical.choice, Quot.sound]
AUDIT Ginzburg333.Bar.positiveExpansion_coordinates: [propext, Classical.choice, Quot.sound]
AUDIT Ginzburg333.Bar.positiveExpansion_of_augmentation_zero: [propext, Quot.sound, Classical.choice]
AUDIT Ginzburg333.Bar.positiveMultiplication.eq_1: [propext, Quot.sound, Classical.choice]
AUDIT Ginzburg333.Bar.positiveMultiplication_assoc: [propext, Quot.sound, Classical.choice]
AUDIT Ginzburg333.Bar.positiveMultiplication_reconstruct: [propext, Quot.sound, Classical.choice]
AUDIT Ginzburg333.Bar.positiveMultiplication_support: [propext, Quot.sound, Classical.choice]
AUDIT Ginzburg333.Bar.prependChain.eq_1: [propext, Quot.sound, Classical.choice]
AUDIT Ginzburg333.Bar.prependChain_single: [propext, Quot.sound, Classical.choice]
AUDIT Ginzburg333.Bar.projection_internal: [propext, Quot.sound, Classical.choice]
AUDIT Ginzburg333.Bar.projection_internalProjection: [propext, Quot.sound, Classical.choice]
AUDIT Ginzburg333.Bar.quotientAction_positive_degree: [propext, Quot.sound, Classical.choice]
AUDIT Ginzburg333.Bar.quotientProjection_coefficientProjection: [propext, Quot.sound, Classical.choice]
AUDIT Ginzburg333.Bar.quotientProjection_corner: [propext, Quot.sound, Classical.choice]
AUDIT Ginzburg333.Bar.quotientRightAction._proof_1: [propext, Quot.sound, Classical.choice]
AUDIT Ginzburg333.Bar.quotientRightAction._proof_2: [propext, Quot.sound, Classical.choice]
AUDIT Ginzburg333.Bar.quotientRightAction._proof_3: [propext, Quot.sound, Classical.choice]
AUDIT Ginzburg333.Bar.reverse_valid_iff: [propext, Quot.sound]
AUDIT Ginzburg333.Bar.reversedBasisEquiv._proof_1: [propext, Quot.sound]
AUDIT Ginzburg333.Bar.reversedBasisEquiv._proof_2: [propext, Quot.sound]
AUDIT Ginzburg333.Bar.reversedBasisEquiv._proof_3: [propext, Quot.sound]
AUDIT Ginzburg333.Bar.reversedBasisEquiv._proof_4: [propext, Quot.sound]
AUDIT Ginzburg333.Bar.reversedBasisEquiv._proof_5: [propext, Quot.sound]
AUDIT Ginzburg333.Bar.reversedBasisEquiv._proof_6: [propext, Quot.sound]
AUDIT Ginzburg333.Bar.reversedBasisEquiv._proof_7: [propext, Quot.sound]
AUDIT Ginzburg333.Bar.reversedBasisEquiv._proof_8: [propext, Quot.sound]
AUDIT Ginzburg333.Bar.reversedBasis_cohomological: [propext, Quot.sound]
AUDIT Ginzburg333.Bar.rowAction_identity_positive: [propext, Quot.sound, Classical.choice]
AUDIT Ginzburg333.Bar.rowAction_positive_degree: [propext, Quot.sound, Classical.choice]
AUDIT Ginzburg333.Bar.rowContraction._proof_10: [propext, Quot.sound, Classical.choice]
AUDIT Ginzburg333.Bar.rowContraction._proof_9: [propext, Quot.sound]
AUDIT Ginzburg333.Bar.rowContraction.eq_1: [propext, Quot.sound, Classical.choice]
AUDIT Ginzburg333.Bar.rowContractionOnWord._proof_7: [propext, Quot.sound, Classical.choice]
AUDIT Ginzburg333.Bar.rowContractionOnWord._proof_8: [propext, Quot.sound, Classical.choice]
AUDIT Ginzburg333.Bar.rowContractionOnWord.eq_1: [propext, Quot.sound, Classical.choice]
AUDIT Ginzburg333.Bar.rowContraction_balanced: [propext, Quot.sound, Classical.choice]
AUDIT Ginzburg333.Bar.rowContraction_basis: [propext, Quot.sound, Classical.choice]
AUDIT Ginzburg333.Bar.rowContraction_degree_zero: [propext, Quot.sound, Classical.choice]
AUDIT Ginzburg333.Bar.rowContraction_degree_zero._proof_1: [propext, Quot.sound, Classical.choice]
AUDIT Ginzburg333.Bar.rowContraction_homotopy_basis: [propext, Quot.sound, Classical.choice]
AUDIT Ginzburg333.Bar.rowContraction_homotopy_identity: [propext, Quot.sound, Classical.choice]
AUDIT Ginzburg333.Bar.rowContraction_homotopy_normalized: [propext, Quot.sound, Classical.choice]
AUDIT Ginzburg333.Bar.rowContraction_homotopy_single: [propext, Quot.sound, Classical.choice]
AUDIT Ginzburg333.Bar.rowContraction_homotopy_single._proof_2: []
AUDIT Ginzburg333.Bar.rowContraction_identity: [propext, Quot.sound, Classical.choice]
AUDIT Ginzburg333.Bar.rowContraction_length: [propext, Quot.sound, Classical.choice]
AUDIT Ginzburg333.Bar.rowContraction_single: [propext, Quot.sound, Classical.choice]
AUDIT Ginzburg333.Bar.rowContraction_single_balanced: [propext, Quot.sound, Classical.choice]
AUDIT Ginzburg333.Bar.rowContraction_tensor_basis: [propext, Quot.sound, Classical.choice]
AUDIT Ginzburg333.Bar.rowContraction_tensor_identity: [propext, Quot.sound, Classical.choice]
AUDIT Ginzburg333.Bar.rowCoordinates._proof_4: [propext, Quot.sound, Classical.choice]
AUDIT Ginzburg333.Bar.rowCoordinates._proof_5: [propext, Quot.sound, Classical.choice]
AUDIT Ginzburg333.Bar.rowCoordinates.eq_1: [propext, Quot.sound, Classical.choice]
AUDIT Ginzburg333.Bar.rowCoordinates_action_basis: [propext, Quot.sound, Classical.choice]
AUDIT Ginzburg333.Bar.rowCoordinates_basis: [propext, Quot.sound, Classical.choice]
AUDIT Ginzburg333.Bar.rowCoordinates_corner: [propext, Quot.sound, Classical.choice]
AUDIT Ginzburg333.Bar.rowCoordinates_identity: [propext, Quot.sound, Classical.choice]
AUDIT Ginzburg333.Bar.rowCoordinates_source: [propext, Quot.sound, Classical.choice]
AUDIT Ginzburg333.Bar.rowHomotopyOperator._proof_1: [propext, Quot.sound]
AUDIT Ginzburg333.Bar.rowRightAction._proof_1: [propext, Classical.choice, Quot.sound]
AUDIT Ginzburg333.Bar.rowRightAction._proof_2: [propext, Quot.sound, Classical.choice]
AUDIT Ginzburg333.Bar.rowRightAction._proof_3: [propext, Quot.sound, Classical.choice]
AUDIT Ginzburg333.Bar.rowRightAction.eq_1: [propext, Quot.sound, Classical.choice]
AUDIT Ginzburg333.Bar.rowRightAction_apply: [propext, Quot.sound, Classical.choice]
AUDIT Ginzburg333.Bar.row_bot_mkQ_injective: [propext, Quot.sound, Classical.choice]
AUDIT Ginzburg333.Bar.row_decomposition: [propext, Classical.choice, Quot.sound]
AUDIT Ginzburg333.Bar.row_mkQ_action: [propext, Quot.sound, Classical.choice]
AUDIT Ginzburg333.Bar.simpleBarCoordinatesEquiv._proof_10: [propext, Quot.sound, Classical.choice]
AUDIT Ginzburg333.Bar.simpleBarCoordinatesEquiv._proof_11: [propext, Quot.sound, Classical.choice]
AUDIT Ginzburg333.Bar.simpleBarCoordinatesEquiv._proof_9: [propext, Quot.sound]
AUDIT Ginzburg333.Bar.simpleCoefficient._proof_1: [propext, Quot.sound, Classical.choice]
AUDIT Ginzburg333.Bar.simpleCoefficient_mkQ: [propext, Quot.sound, Classical.choice]
AUDIT Ginzburg333.Bar.simpleCoefficient_unit: [propext, Quot.sound, Classical.choice]
AUDIT Ginzburg333.Bar.simpleRowEquiv._proof_2: [propext, Quot.sound]
AUDIT Ginzburg333.Bar.simpleRowEquiv._proof_3: [propext, Quot.sound, Classical.choice]
AUDIT Ginzburg333.Bar.simpleRowEquiv._proof_4: [propext, Quot.sound, Classical.choice]
AUDIT Ginzburg333.Bar.simpleRow_action: [propext, Quot.sound, Classical.choice]
AUDIT Ginzburg333.Bar.simpleRow_corner: [propext, Quot.sound, Classical.choice]
AUDIT Ginzburg333.Bar.simpleRow_degree: [propext, Quot.sound, Classical.choice]
AUDIT Ginzburg333.Bar.simpleRow_degree._proof_5: [Quot.sound, propext]
AUDIT Ginzburg333.Bar.simpleRow_expand: [propext, Quot.sound, Classical.choice]
AUDIT Ginzburg333.Bar.simpleRow_expand._proof_2: [Quot.sound, propext]
AUDIT Ginzburg333.Bar.simpleRow_positive_action: [propext, Quot.sound, Classical.choice]
AUDIT Ginzburg333.Bar.simpleScalarMap._proof_1: [propext, Quot.sound, Classical.choice]
AUDIT Ginzburg333.Bar.simpleScalarMap._proof_2: [propext, Quot.sound, Classical.choice]
AUDIT Ginzburg333.Bar.simpleScalarMap._proof_3: [propext, Quot.sound, Classical.choice]
AUDIT Ginzburg333.Bar.simpleScalarMap._proof_4: [propext, Quot.sound, Classical.choice]
AUDIT Ginzburg333.Bar.simpleScalarMap_differential: [propext, Quot.sound, Classical.choice]
AUDIT Ginzburg333.Bar.simpleScalar_mem: [propext, Quot.sound, Classical.choice]
AUDIT Ginzburg333.Bar.simpleUnitBarMap._proof_5: [propext, Quot.sound, Classical.choice]
AUDIT Ginzburg333.Bar.simpleUnitBarMap._proof_6: [propext, Quot.sound, Classical.choice]
AUDIT Ginzburg333.Bar.simpleUnitBarMap._proof_7: [propext, Quot.sound, Classical.choice]
AUDIT Ginzburg333.Bar.simpleUnitBarMap._proof_8: [propext, Quot.sound, Classical.choice]
AUDIT Ginzburg333.Bar.simpleUnit_mem: [propext, Quot.sound, Classical.choice]
AUDIT Ginzburg333.Bar.simple_bar_differential_coordinates: [propext, Quot.sound, Classical.choice]
AUDIT Ginzburg333.Bar.simple_normalized_bar_off_diagonal: [propext, Quot.sound, Classical.choice]
AUDIT Ginzburg333.Bar.startsAt.eq_1: [propext]
AUDIT Ginzburg333.Bar.startsAt.eq_2: [propext]
AUDIT Ginzburg333.Bar.startsAt_cons: [propext]
AUDIT Ginzburg333.Bar.startsAt_cons._proof_1: [propext]
AUDIT Ginzburg333.Bar.startsAt_cons._proof_2: [propext]
AUDIT Ginzburg333.Bar.startsAt_cons._proof_3: [propext]
AUDIT Ginzburg333.Bar.sum_positiveMultiplication: [propext, Quot.sound, Classical.choice]
AUDIT Ginzburg333.Bar.sum_positive_basis: [propext, Quot.sound, Classical.choice]
AUDIT Ginzburg333.Bar.sum_vertexIdempotent: [propext, Quot.sound, Classical.choice]
AUDIT Ginzburg333.Bar.tensorWords._proof_4: [propext, Quot.sound, Classical.choice]
AUDIT Ginzburg333.Bar.tensorWords.eq_1: [propext, Quot.sound, Classical.choice]
AUDIT Ginzburg333.Bar.tensorWords_balanced: [propext, Quot.sound, Classical.choice]
AUDIT Ginzburg333.Bar.tensorWords_internal_projected: [propext, Quot.sound, Classical.choice]
AUDIT Ginzburg333.Bar.tensorWords_mem_supported: [propext, Quot.sound, Classical.choice]
AUDIT Ginzburg333.Bar.tensorWords_prepend: [propext, Quot.sound, Classical.choice]
AUDIT Ginzburg333.Bar.tensorWords_scalar: [propext, Quot.sound, Classical.choice]
AUDIT Ginzburg333.Bar.tensorWords_single: [propext, Quot.sound, Classical.choice]
AUDIT Ginzburg333.Bar.vertexIdempotent.eq_1: [propext, Classical.choice, Quot.sound]
AUDIT Ginzburg333.Bar.weighted_double_sum: [propext, Quot.sound, Classical.choice]
AUDIT Ginzburg333.Bar.wordWeight_reverse: [propext]
AUDIT Ginzburg333.Comparison.append_pairVector_apply: [propext, Quot.sound, Classical.choice]
AUDIT Ginzburg333.Comparison.append_pairVector_apply._proof_1: [propext]
AUDIT Ginzburg333.Comparison.basisDualCoordinates._proof_3: [propext, Classical.choice, Quot.sound]
AUDIT Ginzburg333.Comparison.basisDualCoordinates_apply: [propext, Quot.sound, Classical.choice]
AUDIT Ginzburg333.Comparison.basisDualCoordinates_dualBasis: [propext, Quot.sound, Classical.choice]
AUDIT Ginzburg333.Comparison.basisDualCoordinates_dualBasis._proof_4: [propext]
AUDIT Ginzburg333.Comparison.chosenTensorCoordinates._proof_13: [propext, Quot.sound, Classical.choice]
AUDIT Ginzburg333.Comparison.chosenTensorCoordinates._proof_14: [propext, Quot.sound, Classical.choice]
AUDIT Ginzburg333.Comparison.cobarBasis.eq_1: [propext, Quot.sound, Classical.choice]
AUDIT Ginzburg333.Comparison.cobarBasis.eq_2: [propext, Quot.sound, Classical.choice]
AUDIT Ginzburg333.Comparison.cobarBasis_internal: [propext, Quot.sound, Classical.choice]
AUDIT Ginzburg333.Comparison.cobarBasis_length: [propext, Quot.sound, Classical.choice]
AUDIT Ginzburg333.Comparison.cobarBasis_length._proof_1: [propext]
AUDIT Ginzburg333.Comparison.cobarBasis_length._proof_2: [propext, Quot.sound]
AUDIT Ginzburg333.Comparison.cobarBasis_length._proof_3: [propext, Quot.sound]
AUDIT Ginzburg333.Comparison.cobarBasis_nil_apply: [propext, Quot.sound, Classical.choice]
AUDIT Ginzburg333.Comparison.cobarBasis_one_apply: [propext, Quot.sound, Classical.choice]
AUDIT Ginzburg333.Comparison.cobarBasis_scalar_mem: [propext, Quot.sound, Classical.choice]
AUDIT Ginzburg333.Comparison.cobarBasis_startsAt: [propext, Quot.sound, Classical.choice]
AUDIT Ginzburg333.Comparison.cobarBasis_transpose: [propext, Quot.sound, Classical.choice]
AUDIT Ginzburg333.Comparison.cobarBasis_transpose._proof_1: [propext]
AUDIT Ginzburg333.Comparison.cobarDifferential.eq_1: [propext, Quot.sound, Classical.choice]
AUDIT Ginzburg333.Comparison.dualWordCoordinates._proof_1: [propext, Classical.choice, Quot.sound]
AUDIT Ginzburg333.Comparison.dualWordCoordinates._proof_2: [propext, Quot.sound]
AUDIT Ginzburg333.Comparison.dualWordCoordinates._proof_3: [propext, Quot.sound]
AUDIT Ginzburg333.Comparison.dualWordCoordinates_apply: [propext, Quot.sound, Classical.choice]
AUDIT Ginzburg333.Comparison.dualWordCoordinates_differential: [propext, Quot.sound, Classical.choice]
AUDIT Ginzburg333.Comparison.dualWordCoordinates_dualBasis: [propext, Quot.sound, Classical.choice]
AUDIT Ginzburg333.Comparison.dualWordCoordinates_mem: [propext, Quot.sound, Classical.choice]
AUDIT Ginzburg333.Comparison.finiteDualReversal._proof_10: [propext, Classical.choice, Quot.sound]
AUDIT Ginzburg333.Comparison.finiteDualReversal._proof_11: [propext, Quot.sound]
AUDIT Ginzburg333.Comparison.finiteDualReversal_differential: [propext, Quot.sound, Classical.choice]
AUDIT Ginzburg333.Comparison.finiteDualReversal_forget: [propext, Quot.sound, Classical.choice]
AUDIT Ginzburg333.Comparison.finite_simpleRowBasis: [propext, Quot.sound, Classical.choice]
AUDIT Ginzburg333.Comparison.forward_generator_vector: [propext, Quot.sound, Classical.choice]
AUDIT Ginzburg333.Comparison.generator_structure_coefficient: [propext, Quot.sound, Classical.choice]
AUDIT Ginzburg333.Comparison.generator_vector_expansion: [propext, Quot.sound, Classical.choice]
AUDIT Ginzburg333.Comparison.generator_vector_length: [propext, Quot.sound, Classical.choice]
AUDIT Ginzburg333.Comparison.ginzburg_internal_primitives: [propext, Quot.sound, Classical.choice]
AUDIT Ginzburg333.Comparison.ginzburg_internal_primitives._proof_1: [propext, Quot.sound]
AUDIT Ginzburg333.Comparison.ginzburg_internal_primitives._proof_2: [propext, Quot.sound]
AUDIT Ginzburg333.Comparison.ginzburg_internal_primitives._proof_3: [propext, Quot.sound]
AUDIT Ginzburg333.Comparison.headVector_apply: [propext, Quot.sound, Classical.choice]
AUDIT Ginzburg333.Comparison.headVector_apply._proof_1: [propext]
AUDIT Ginzburg333.Comparison.loop_generator_vector: [propext, Quot.sound, Classical.choice]
AUDIT Ginzburg333.Comparison.multiplication_cut: [propext, Quot.sound, Classical.choice]
AUDIT Ginzburg333.Comparison.multiplication_cut._proof_1: [propext, Quot.sound]
AUDIT Ginzburg333.Comparison.multiplication_cut._proof_10: [propext, Quot.sound]
AUDIT Ginzburg333.Comparison.multiplication_cut._proof_11: [propext, Quot.sound]
AUDIT Ginzburg333.Comparison.multiplication_cut._proof_12: [propext, Quot.sound]
AUDIT Ginzburg333.Comparison.multiplication_cut._proof_13: [propext, Quot.sound]
AUDIT Ginzburg333.Comparison.multiplication_cut._proof_14: [propext, Quot.sound]
AUDIT Ginzburg333.Comparison.multiplication_cut._proof_15: [propext, Quot.sound]
AUDIT Ginzburg333.Comparison.multiplication_cut._proof_16: [propext, Quot.sound]
AUDIT Ginzburg333.Comparison.multiplication_cut._proof_17: [propext, Quot.sound]
AUDIT Ginzburg333.Comparison.multiplication_cut._proof_18: [propext, Quot.sound]
AUDIT Ginzburg333.Comparison.multiplication_cut._proof_19: [propext, Quot.sound]
AUDIT Ginzburg333.Comparison.multiplication_cut._proof_2: [propext, Quot.sound]
AUDIT Ginzburg333.Comparison.multiplication_cut._proof_20: [propext, Quot.sound]
AUDIT Ginzburg333.Comparison.multiplication_cut._proof_21: [propext, Quot.sound]
AUDIT Ginzburg333.Comparison.multiplication_cut._proof_22: [propext, Quot.sound]
AUDIT Ginzburg333.Comparison.multiplication_cut._proof_23: [propext, Quot.sound]
AUDIT Ginzburg333.Comparison.multiplication_cut._proof_24: [propext, Quot.sound]
AUDIT Ginzburg333.Comparison.multiplication_cut._proof_3: [propext, Quot.sound]
AUDIT Ginzburg333.Comparison.multiplication_cut._proof_4: [propext, Quot.sound]
AUDIT Ginzburg333.Comparison.multiplication_cut._proof_5: [propext, Quot.sound]
AUDIT Ginzburg333.Comparison.multiplication_cut._proof_6: [propext, Quot.sound]
AUDIT Ginzburg333.Comparison.multiplication_cut._proof_7: [propext, Quot.sound]
AUDIT Ginzburg333.Comparison.multiplication_cut._proof_8: [propext, Quot.sound]
AUDIT Ginzburg333.Comparison.multiplication_cut._proof_9: [propext, Quot.sound]
AUDIT Ginzburg333.Comparison.neg_pow_eq_of_mod_two: [propext]
AUDIT Ginzburg333.Comparison.pairVector.eq_1: [propext, Quot.sound, Classical.choice]
AUDIT Ginzburg333.Comparison.pairVector_apply: [propext, Quot.sound, Classical.choice]
AUDIT Ginzburg333.Comparison.pairVector_reconstruct: [propext, Quot.sound, Classical.choice]
AUDIT Ginzburg333.Comparison.prependWords_cons_apply: [propext, Quot.sound, Classical.choice]
AUDIT Ginzburg333.Comparison.prependWords_cons_apply._proof_1: [propext]
AUDIT Ginzburg333.Comparison.prependWords_nil_apply: [propext, Quot.sound, Classical.choice]
AUDIT Ginzburg333.Comparison.reverse_generator_vector: [propext, Quot.sound, Classical.choice]
AUDIT Ginzburg333.Comparison.reversedCoordinates_forget: [propext, Quot.sound, Classical.choice]
AUDIT Ginzburg333.Comparison.rowPathComponent_bigraded: [propext, Quot.sound, Classical.choice]
AUDIT Ginzburg333.Comparison.rowPath_primitive: [propext, Quot.sound, Classical.choice]
AUDIT Ginzburg333.Comparison.rowPath_zero_length: [propext, Quot.sound, Classical.choice]
AUDIT Ginzburg333.Comparison.rowPath_zero_length._proof_3: [propext, Quot.sound]
AUDIT Ginzburg333.Comparison.rowReversedBasisEquiv._proof_1: [propext, Quot.sound]
AUDIT Ginzburg333.Comparison.rowReversedBasisEquiv._proof_2: [propext, Quot.sound]
AUDIT Ginzburg333.Comparison.rowReversedBasisEquiv._proof_3: [propext, Quot.sound]
AUDIT Ginzburg333.Comparison.rowReversedBasisEquiv._proof_4: [propext, Quot.sound]
AUDIT Ginzburg333.Comparison.rowReversedBasisEquiv._proof_5: [propext, Quot.sound]
AUDIT Ginzburg333.Comparison.rowReversedBasisEquiv._proof_6: [propext, Quot.sound]
AUDIT Ginzburg333.Comparison.rowReversedBasisEquiv._proof_7: [propext, Quot.sound]
AUDIT Ginzburg333.Comparison.rowReversedBasisEquiv._proof_8: [propext, Quot.sound]
AUDIT Ginzburg333.Comparison.rowReversedBasisEquiv.eq_1: [propext, Quot.sound]
AUDIT Ginzburg333.Comparison.signCoordinates.eq_1: [propext, Quot.sound, Classical.choice]
AUDIT Ginzburg333.Comparison.signCoordinatesEquiv._proof_9: [propext, Quot.sound]
AUDIT Ginzburg333.Comparison.signCoordinates_single: [propext, Quot.sound, Classical.choice]
AUDIT Ginzburg333.Comparison.signCoordinates_square: [propext, Quot.sound, Classical.choice]
AUDIT Ginzburg333.Comparison.signCoordinates_square._proof_9: []
AUDIT Ginzburg333.Comparison.signedWordReversal.eq_1: [propext, Quot.sound, Classical.choice]
AUDIT Ginzburg333.Comparison.signedWordReversal_cobar: [propext, Quot.sound, Classical.choice]
AUDIT Ginzburg333.Comparison.signedWordReversal_cobar._proof_1: [propext, Quot.sound]
AUDIT Ginzburg333.Comparison.signedWordReversal_differential: [propext, Quot.sound, Classical.choice]
AUDIT Ginzburg333.Comparison.signedWordReversal_prepend: [propext, Quot.sound, Classical.choice]
AUDIT Ginzburg333.Comparison.signedWordReversal_single: [propext, Quot.sound, Classical.choice]
AUDIT Ginzburg333.Comparison.signedWordReversal_split_suffix: [propext, Quot.sound, Classical.choice]
AUDIT Ginzburg333.Comparison.simpleBarDualCoordinates.eq_1: [propext, Quot.sound, Classical.choice]
AUDIT Ginzburg333.Comparison.simpleBarDualCoordinates_apply: [propext, Quot.sound, Classical.choice]
AUDIT Ginzburg333.Comparison.simpleBarLinearBasis._proof_1: [propext, Quot.sound]
AUDIT Ginzburg333.Comparison.simpleBarLinearBasis._proof_2: [propext, Quot.sound]
AUDIT Ginzburg333.Comparison.simpleBarLinearBasis.eq_1: [propext, Quot.sound, Classical.choice]
AUDIT Ginzburg333.Comparison.simpleBarLinearBasis_repr: [propext, Quot.sound, Classical.choice]
AUDIT Ginzburg333.Comparison.simpleBarLinearBasis_scalar: [propext, Quot.sound, Classical.choice]
AUDIT Ginzburg333.Comparison.simple_dual_bar_off_diagonal: [propext, Quot.sound, Classical.choice]
AUDIT Ginzburg333.Comparison.splitBasis.eq_1: [propext, Quot.sound, Classical.choice]
AUDIT Ginzburg333.Comparison.splitBasis_coefficient: [propext, Quot.sound, Classical.choice]
AUDIT Ginzburg333.Comparison.splitBasis_internal: [propext, Quot.sound, Classical.choice]
AUDIT Ginzburg333.Comparison.splitBasis_length: [propext, Quot.sound, Classical.choice]
AUDIT Ginzburg333.Comparison.sum_vertexProjection: [propext, Quot.sound, Classical.choice]
AUDIT Ginzburg333.Comparison.sum_vertexProjection._proof_3: [propext]
AUDIT Ginzburg333.Comparison.tensorCoordinatesEquiv._proof_10: [propext, Quot.sound, Classical.choice]
AUDIT Ginzburg333.Comparison.tensorCoordinatesEquiv._proof_11: [propext]
AUDIT Ginzburg333.Comparison.tensorCoordinatesEquiv._proof_12: [propext, Quot.sound, Classical.choice]
AUDIT Ginzburg333.Comparison.tensorCoordinatesEquiv._proof_6: [propext]
AUDIT Ginzburg333.Comparison.tensorCoordinatesEquiv._proof_7: [propext, Quot.sound, Classical.choice]
AUDIT Ginzburg333.Comparison.tensorCoordinatesEquiv._proof_8: [propext, Quot.sound]
AUDIT Ginzburg333.Comparison.tensorCoordinatesEquiv._proof_9: [propext]
AUDIT Ginzburg333.Comparison.tensorCoordinatesEquiv_apply: [propext, Quot.sound, Classical.choice]
AUDIT Ginzburg333.Comparison.tensorRegular_ginzburgRegular_chosen_bases: [propext, Quot.sound, Classical.choice]
AUDIT Ginzburg333.Comparison.tensorRegular_ginzburgRegular_in_bases: [propext, Quot.sound, Classical.choice]
AUDIT Ginzburg333.Comparison.totalDualReversal._proof_12: [propext, Classical.choice, Quot.sound]
AUDIT Ginzburg333.Comparison.totalDualReversal._proof_13: [propext, Quot.sound]
AUDIT Ginzburg333.Comparison.totalDualReversal_differential: [propext, Quot.sound, Classical.choice]
AUDIT Ginzburg333.Comparison.totalDualReversal_val: [propext, Quot.sound, Classical.choice]
AUDIT Ginzburg333.Comparison.tripleFunctionEquiv._proof_1: [propext, Quot.sound]
AUDIT Ginzburg333.Comparison.tripleFunctionEquiv._proof_2: [propext, Quot.sound, Classical.choice]
AUDIT Ginzburg333.Comparison.tripleFunctionEquiv._proof_3: [propext, Quot.sound, Classical.choice]
AUDIT Ginzburg333.Comparison.tripleFunctionEquiv._proof_4: []
AUDIT Ginzburg333.Comparison.tripleFunctionEquiv._proof_5: []
AUDIT Ginzburg333.Comparison.vertexDecompositionEquiv._proof_1: [propext, Quot.sound]
AUDIT Ginzburg333.Comparison.vertexDecompositionEquiv._proof_10: [propext, Quot.sound, Classical.choice]
AUDIT Ginzburg333.Comparison.vertexDecompositionEquiv._proof_11: [propext, Quot.sound, Classical.choice]
AUDIT Ginzburg333.Comparison.vertexDecompositionEquiv._proof_2: [propext, Quot.sound, Classical.choice]
AUDIT Ginzburg333.Comparison.vertexDecompositionEquiv._proof_3: [propext, Quot.sound, Classical.choice]
AUDIT Ginzburg333.Comparison.vertexDecompositionEquiv._proof_4: [propext, Quot.sound, Classical.choice]
AUDIT Ginzburg333.Comparison.vertexDecompositionEquiv._proof_5: [propext, Quot.sound, Classical.choice]
AUDIT Ginzburg333.Comparison.vertexDecompositionEquiv._proof_6: [propext, Quot.sound, Classical.choice]
AUDIT Ginzburg333.Comparison.vertexDecompositionEquiv._proof_7: [propext, Quot.sound, Classical.choice]
AUDIT Ginzburg333.Comparison.vertexDecompositionEquiv._proof_8: [propext, Quot.sound, Classical.choice]
AUDIT Ginzburg333.Comparison.vertexDecompositionEquiv._proof_9: [propext, Quot.sound, Classical.choice]
AUDIT Ginzburg333.Comparison.vertexProjection._proof_1: [propext, Quot.sound, Classical.choice]
AUDIT Ginzburg333.Comparison.vertexProjection._proof_2: [propext, Quot.sound, Classical.choice]
AUDIT Ginzburg333.Comparison.vertexProjection.eq_1: [propext, Quot.sound, Classical.choice]
AUDIT Ginzburg333.Comparison.vertexProjection_apply: [propext, Quot.sound, Classical.choice]
AUDIT Ginzburg333.Comparison.vertexProjection_basisDifferential: [propext, Quot.sound, Classical.choice]
AUDIT Ginzburg333.Comparison.vertexProjection_differential: [propext, Quot.sound, Classical.choice]
AUDIT Ginzburg333.Comparison.vertexProjection_pathTerm: [propext, Quot.sound, Classical.choice]
AUDIT Ginzburg333.Comparison.vertexProjection_row: [propext, Quot.sound, Classical.choice]
AUDIT Ginzburg333.Comparison.vertexProjection_row_mem: [propext, Quot.sound, Classical.choice]
AUDIT Ginzburg333.Comparison.vertexProjection_row_mem._proof_3: [propext, Quot.sound]
AUDIT Ginzburg333.Comparison.vertexProjection_single: [propext, Quot.sound, Classical.choice]
AUDIT Ginzburg333.Comparison.wordNegative_reverse: [propext]
AUDIT Ginzburg333.Comparison.wordSign.eq_1: [propext]
AUDIT Ginzburg333.Comparison.wordSign_cons: [propext, Classical.choice, Quot.sound]
AUDIT Ginzburg333.Comparison.wordSign_split: [propext, Quot.sound, Classical.choice]
AUDIT Ginzburg333.Comparison.wordSign_split._proof_1: [propext, Quot.sound]
AUDIT Ginzburg333.Comparison.wordSign_split._proof_2: [propext, Quot.sound]
AUDIT Ginzburg333.Comparison.wordSign_split._proof_3: [propext, Quot.sound]
AUDIT Ginzburg333.Comparison.wordSign_square: [propext, Classical.choice, Quot.sound]
AUDIT Ginzburg333.CyclicData.Allowed._proof_1: [propext, Quot.sound, Classical.choice]
AUDIT Ginzburg333.CyclicData.Allowed._proof_2: [propext, Quot.sound]
AUDIT Ginzburg333.CyclicData.Allowed._proof_3: [propext, Quot.sound, Classical.choice]
AUDIT Ginzburg333.CyclicData.FiltrationStep.colon_allowed: [propext, Quot.sound, Classical.choice]
AUDIT Ginzburg333.CyclicData.FiltrationStep.colon_eq: [propext, Quot.sound, Classical.choice]
AUDIT Ginzburg333.CyclicData.FiltrationStep.decomposition: [propext, Quot.sound, Classical.choice]
AUDIT Ginzburg333.CyclicData.FiltrationStep.generator_outside: [propext, Quot.sound, Classical.choice]
AUDIT Ginzburg333.CyclicData.FiltrationStep.ideal_decomposition: [propext, Quot.sound, Classical.choice]
AUDIT Ginzburg333.CyclicData.FiltrationStep.inclusion._proof_4: [propext, Quot.sound, Classical.choice]
AUDIT Ginzburg333.CyclicData.FiltrationStep.inclusion._proof_5: [propext, Quot.sound, Classical.choice]
AUDIT Ginzburg333.CyclicData.FiltrationStep.inclusion_action: [propext, Quot.sound, Classical.choice]
AUDIT Ginzburg333.CyclicData.FiltrationStep.inclusion_degree: [propext, Quot.sound, Classical.choice]
AUDIT Ginzburg333.CyclicData.FiltrationStep.inclusion_mkQ: [propext, Quot.sound, Classical.choice]
AUDIT Ginzburg333.CyclicData.FiltrationStep.mk.inj: [propext, Quot.sound, Classical.choice]
AUDIT Ginzburg333.CyclicData.FiltrationStep.mk.injEq: [propext, Quot.sound, Classical.choice]
AUDIT Ginzburg333.CyclicData.FiltrationStep.mk.sizeOf_spec: [propext, Quot.sound, Classical.choice]
AUDIT Ginzburg333.CyclicData.FiltrationStep.projection._proof_6: [propext, Quot.sound, Classical.choice]
AUDIT Ginzburg333.CyclicData.FiltrationStep.projection_action: [propext, Quot.sound, Classical.choice]
AUDIT Ginzburg333.CyclicData.FiltrationStep.projection_degree: [propext, Quot.sound, Classical.choice]
AUDIT Ginzburg333.CyclicData.FiltrationStep.projection_mkQ: [propext, Quot.sound, Classical.choice]
AUDIT Ginzburg333.CyclicData.FiltrationStep.short_exact: [propext, Quot.sound, Classical.choice]
AUDIT Ginzburg333.CyclicData.FiltrationStep.size_drop: [propext, Quot.sound, Classical.choice]
AUDIT Ginzburg333.CyclicData.FiltrationStep.smaller_allowed: [propext, Quot.sound, Classical.choice]
AUDIT Ginzburg333.CyclicData.FiltrationStep.smaller_ideal_le: [propext, Quot.sound, Classical.choice]
AUDIT Ginzburg333.CyclicData.Regular._proof_10: [propext, Quot.sound]
AUDIT Ginzburg333.CyclicData.Regular._proof_9: [propext, Quot.sound, Classical.choice]
AUDIT Ginzburg333.CyclicData.adjacent_range_eq_dot_ker: [propext, Quot.sound, Classical.choice]
AUDIT Ginzburg333.CyclicData.adjacent_range_le_dot_ker: [propext, Quot.sound, Classical.choice]
AUDIT Ginzburg333.CyclicData.adjacent_rank_two: [propext, Quot.sound, Classical.choice]
AUDIT Ginzburg333.CyclicData.annihilator_eq_adjacent_image: [propext, Quot.sound, Classical.choice]
AUDIT Ginzburg333.CyclicData.augmentation_identity: [propext, Quot.sound, Classical.choice]
AUDIT Ginzburg333.CyclicData.augmentation_multiply: [propext, Quot.sound, Classical.choice]
AUDIT Ginzburg333.CyclicData.colonPlane._proof_6: [propext, Quot.sound, Classical.choice]
AUDIT Ginzburg333.CyclicData.colonPlane._proof_7: [propext, Quot.sound, Classical.choice]
AUDIT Ginzburg333.CyclicData.colon_eq_planeRows: [propext, Quot.sound, Classical.choice]
AUDIT Ginzburg333.CyclicData.cyclic: [propext, Quot.sound, Classical.choice]
AUDIT Ginzburg333.CyclicData.degreeOneElement.eq_1: [propext, Classical.choice, Quot.sound]
AUDIT Ginzburg333.CyclicData.degreeOne_multiply_at: [propext, Quot.sound, Classical.choice]
AUDIT Ginzburg333.CyclicData.degreeProjection_leftOne: [propext, Quot.sound, Classical.choice]
AUDIT Ginzburg333.CyclicData.exists_filtrationStep: [propext, Quot.sound, Classical.choice]
AUDIT Ginzburg333.CyclicData.exists_filtrationStep._proof_4: [propext, Quot.sound, Classical.choice]
AUDIT Ginzburg333.CyclicData.finrank_colonPlane: [propext, Quot.sound, Classical.choice]
AUDIT Ginzburg333.CyclicData.finrank_kernel_of_rank_two: [propext, Quot.sound, Classical.choice]
AUDIT Ginzburg333.CyclicData.finrank_kernel_of_rank_two._proof_4: [propext, Quot.sound, Classical.choice]
AUDIT Ginzburg333.CyclicData.full_colon_closed: [propext, Quot.sound, Classical.choice]
AUDIT Ginzburg333.CyclicData.full_colon_eq_positive_rows: [propext, Quot.sound, Classical.choice]
AUDIT Ginzburg333.CyclicData.full_colon_eq_positive_rows._proof_10: [propext]
AUDIT Ginzburg333.CyclicData.full_colon_eq_positive_rows._proof_8: [propext, Quot.sound, Classical.choice]
AUDIT Ginzburg333.CyclicData.full_colon_eq_positive_rows._proof_9: [propext]
AUDIT Ginzburg333.CyclicData.identityAuxiliary.eq_1: [propext, Classical.choice, Quot.sound]
AUDIT Ginzburg333.CyclicData.identityRow.eq_1: [propext, Classical.choice, Quot.sound]
AUDIT Ginzburg333.CyclicData.identity_multiply: [propext, Quot.sound, Classical.choice]
AUDIT Ginzburg333.CyclicData.kernel_eq_span: [propext, Quot.sound, Classical.choice]
AUDIT Ginzburg333.CyclicData.leftOne._proof_1: [propext, Quot.sound, Classical.choice]
AUDIT Ginzburg333.CyclicData.leftOne._proof_2: [propext, Quot.sound, Classical.choice]
AUDIT Ginzburg333.CyclicData.leftOne._proof_3: [propext, Quot.sound, Classical.choice]
AUDIT Ginzburg333.CyclicData.leftOne.eq_1: [propext, Quot.sound, Classical.choice]
AUDIT Ginzburg333.CyclicData.leftOneBilinear._proof_1: [propext, Classical.choice, Quot.sound]
AUDIT Ginzburg333.CyclicData.leftOneBilinear._proof_2: [propext, Quot.sound, Classical.choice]
AUDIT Ginzburg333.CyclicData.leftOneBilinear._proof_3: [propext, Quot.sound, Classical.choice]
AUDIT Ginzburg333.CyclicData.leftOne_add: [propext, Quot.sound, Classical.choice]
AUDIT Ginzburg333.CyclicData.leftOne_apply: [propext, Quot.sound, Classical.choice]
AUDIT Ginzburg333.CyclicData.leftOne_comp_zero: [propext, Quot.sound, Classical.choice]
AUDIT Ginzburg333.CyclicData.leftOne_mem_rowGenerated: [propext, Quot.sound, Classical.choice]
AUDIT Ginzburg333.CyclicData.leftOne_rowAction: [propext, Quot.sound, Classical.choice]
AUDIT Ginzburg333.CyclicData.leftOne_smul: [propext, Quot.sound, Classical.choice]
AUDIT Ginzburg333.CyclicData.leftOne_zero: [propext, Quot.sound, Classical.choice]
AUDIT Ginzburg333.CyclicData.mk.inj: [propext, Quot.sound, Classical.choice]
AUDIT Ginzburg333.CyclicData.mk.injEq: [propext, Quot.sound, Classical.choice]
AUDIT Ginzburg333.CyclicData.mk.sizeOf_spec: [propext, Quot.sound, Classical.choice]
AUDIT Ginzburg333.CyclicData.mul_mem_productSpan: [propext, Quot.sound, Classical.choice]
AUDIT Ginzburg333.CyclicData.multiply._proof_1: [propext, Quot.sound, Classical.choice]
AUDIT Ginzburg333.CyclicData.multiply.eq_1: [propext, Quot.sound, Classical.choice]
AUDIT Ginzburg333.CyclicData.multiply_add_left: [propext, Quot.sound, Classical.choice]
AUDIT Ginzburg333.CyclicData.multiply_add_right: [propext, Quot.sound, Classical.choice]
AUDIT Ginzburg333.CyclicData.multiply_assoc: [propext, Quot.sound, Classical.choice]
AUDIT Ginzburg333.CyclicData.multiply_embedRow: [propext, Quot.sound, Classical.choice]
AUDIT Ginzburg333.CyclicData.multiply_identity: [propext, Quot.sound, Classical.choice]
AUDIT Ginzburg333.CyclicData.multiply_smul_left: [propext, Quot.sound, Classical.choice]
AUDIT Ginzburg333.CyclicData.multiply_smul_right: [propext, Quot.sound, Classical.choice]
AUDIT Ginzburg333.CyclicData.plane_colon_closed: [propext, Quot.sound, Classical.choice]
AUDIT Ginzburg333.CyclicData.plane_contains_rank_two: [propext, Quot.sound, Classical.choice]
AUDIT Ginzburg333.CyclicData.productSpan._proof_1: [propext, Quot.sound, Classical.choice]
AUDIT Ginzburg333.CyclicData.productSpan._proof_2: [propext, Quot.sound]
AUDIT Ginzburg333.CyclicData.productSpan._proof_3: [propext, Quot.sound, Classical.choice]
AUDIT Ginzburg333.CyclicData.productSpan_eq_top: [propext, Quot.sound, Classical.choice]
AUDIT Ginzburg333.CyclicData.productSpan_eq_top._proof_4: [propext, Quot.sound, Classical.choice]
AUDIT Ginzburg333.CyclicData.productSpan_eq_top_of_two_le: [propext, Quot.sound, Classical.choice]
AUDIT Ginzburg333.CyclicData.productSpan_eq_top_of_two_le._proof_4: [propext, Quot.sound, Classical.choice]
AUDIT Ginzburg333.CyclicData.quotientAction_add: [propext, Quot.sound, Classical.choice]
AUDIT Ginzburg333.CyclicData.quotientAction_assoc: [propext, Quot.sound, Classical.choice]
AUDIT Ginzburg333.CyclicData.quotientAction_identity: [propext, Quot.sound, Classical.choice]
AUDIT Ginzburg333.CyclicData.quotientAction_mkQ: [propext, Quot.sound, Classical.choice]
AUDIT Ginzburg333.CyclicData.quotientAction_smul: [propext, Quot.sound, Classical.choice]
AUDIT Ginzburg333.CyclicData.quotientProjection_comp: [propext, Quot.sound, Classical.choice]
AUDIT Ginzburg333.CyclicData.quotientProjection_mkQ: [propext, Quot.sound, Classical.choice]
AUDIT Ginzburg333.CyclicData.quotientProjection_sum: [propext, Quot.sound, Classical.choice]
AUDIT Ginzburg333.CyclicData.ranges_sup_eq_top: [propext, Quot.sound, Classical.choice]
AUDIT Ginzburg333.CyclicData.rank_two_of_not_injective: [propext, Quot.sound, Classical.choice]
AUDIT Ginzburg333.CyclicData.rank_two_of_not_injective._proof_4: [propext, Quot.sound, Classical.choice]
AUDIT Ginzburg333.CyclicData.rowAction.eq_1: [propext, Quot.sound, Classical.choice]
AUDIT Ginzburg333.CyclicData.rowActionLinear._proof_4: [propext, Quot.sound, Classical.choice]
AUDIT Ginzburg333.CyclicData.rowActionLinear._proof_5: [propext, Quot.sound, Classical.choice]
AUDIT Ginzburg333.CyclicData.rowActionLinear.eq_1: [propext, Quot.sound, Classical.choice]
AUDIT Ginzburg333.CyclicData.rowAction_assoc: [propext, Quot.sound, Classical.choice]
AUDIT Ginzburg333.CyclicData.rowAction_formula: [propext, Quot.sound, Classical.choice]
AUDIT Ginzburg333.CyclicData.rowAction_identity: [propext, Quot.sound, Classical.choice]
AUDIT Ginzburg333.CyclicData.rowGenerated._proof_4: [propext, Quot.sound, Classical.choice]
AUDIT Ginzburg333.CyclicData.rowGenerated._proof_5: [propext, Quot.sound]
AUDIT Ginzburg333.CyclicData.rowGenerated_bot: [propext, Quot.sound, Classical.choice]
AUDIT Ginzburg333.CyclicData.rowGenerated_degree_stable: [propext, Quot.sound, Classical.choice]
AUDIT Ginzburg333.CyclicData.rowGenerated_eq_planeRows: [propext, Quot.sound, Classical.choice]
AUDIT Ginzburg333.CyclicData.rowGenerated_eq_planeRows._proof_6: [propext, Quot.sound]
AUDIT Ginzburg333.CyclicData.rowGenerated_mono: [propext, Quot.sound, Classical.choice]
AUDIT Ginzburg333.CyclicData.rowGenerated_right_stable: [propext, Quot.sound, Classical.choice]
AUDIT Ginzburg333.CyclicData.rowGenerated_span: [propext, Quot.sound, Classical.choice]
AUDIT Ginzburg333.CyclicData.rowGenerated_sup: [propext, Quot.sound, Classical.choice]
AUDIT Ginzburg333.Ginzburg.Generator.forward.inj: []
AUDIT Ginzburg333.Ginzburg.Generator.forward.injEq: [propext]
AUDIT Ginzburg333.Ginzburg.Generator.forward.sizeOf_spec: []
AUDIT Ginzburg333.Ginzburg.Generator.loop.inj: []
AUDIT Ginzburg333.Ginzburg.Generator.loop.injEq: [propext]
AUDIT Ginzburg333.Ginzburg.Generator.loop.sizeOf_spec: []
AUDIT Ginzburg333.Ginzburg.Generator.negativeDegree.eq_1: []
AUDIT Ginzburg333.Ginzburg.Generator.negativeDegree.eq_2: []
AUDIT Ginzburg333.Ginzburg.Generator.negativeDegree.eq_3: []
AUDIT Ginzburg333.Ginzburg.Generator.reverse.inj: []
AUDIT Ginzburg333.Ginzburg.Generator.reverse.injEq: [propext]
AUDIT Ginzburg333.Ginzburg.Generator.reverse.sizeOf_spec: []
AUDIT Ginzburg333.Ginzburg.Generator.source.eq_1: [propext]
AUDIT Ginzburg333.Ginzburg.Generator.source.eq_2: [propext]
AUDIT Ginzburg333.Ginzburg.Generator.source.eq_3: [propext]
AUDIT Ginzburg333.Ginzburg.Generator.target.eq_1: [propext]
AUDIT Ginzburg333.Ginzburg.Generator.target.eq_2: [propext]
AUDIT Ginzburg333.Ginzburg.Generator.target.eq_3: [propext]
AUDIT Ginzburg333.Ginzburg.Generator.weight.eq_1: []
AUDIT Ginzburg333.Ginzburg.Generator.weight.eq_2: []
AUDIT Ginzburg333.Ginzburg.Generator.weight.eq_3: []
AUDIT Ginzburg333.Ginzburg.Generator.weight_eq_negativeDegree_add_one: []
AUDIT Ginzburg333.Ginzburg.ValidPath.eq_1: [propext]
AUDIT Ginzburg333.Ginzburg.appendWords.eq_1: [propext, Quot.sound, Classical.choice]
AUDIT Ginzburg333.Ginzburg.appendWords_appendWords: [propext, Quot.sound, Classical.choice]
AUDIT Ginzburg333.Ginzburg.appendWords_single: [propext, Quot.sound, Classical.choice]
AUDIT Ginzburg333.Ginzburg.basisDifferential_cohomological: [propext, Quot.sound, Classical.choice]
AUDIT Ginzburg333.Ginzburg.basisDifferential_cohomological._proof_1: [propext, Quot.sound]
AUDIT Ginzburg333.Ginzburg.basisDifferential_internal: [propext, Quot.sound, Classical.choice]
AUDIT Ginzburg333.Ginzburg.basisDifferential_mem_supported: [propext, Classical.choice, Quot.sound]
AUDIT Ginzburg333.Ginzburg.cohomologicalDegree.eq_1: [propext]
AUDIT Ginzburg333.Ginzburg.cohomologicalDegree_eq_length_sub_weight: [propext, Quot.sound]
AUDIT Ginzburg333.Ginzburg.cohomologicalDegree_eq_length_sub_weight._proof_15: [propext, Quot.sound]
AUDIT Ginzburg333.Ginzburg.cohomologicalDegree_nonpositive: [propext, Quot.sound]
AUDIT Ginzburg333.Ginzburg.cohomologicalDegree_nonpositive._proof_2: [propext, Quot.sound]
AUDIT Ginzburg333.Ginzburg.componentDifferential._proof_1: [propext, Quot.sound, Classical.choice]
AUDIT Ginzburg333.Ginzburg.componentDifferential._proof_2: [propext, Quot.sound, Classical.choice]
AUDIT Ginzburg333.Ginzburg.componentDifferential._proof_3: [propext, Quot.sound, Classical.choice]
AUDIT Ginzburg333.Ginzburg.componentDifferential._proof_4: [propext, Quot.sound, Classical.choice]
AUDIT Ginzburg333.Ginzburg.componentDifferential._proof_5: [propext, Quot.sound, Classical.choice]
AUDIT Ginzburg333.Ginzburg.componentDifferential_square: [propext, Quot.sound, Classical.choice]
AUDIT Ginzburg333.Ginzburg.componentDifferential_val: [propext, Quot.sound, Classical.choice]
AUDIT Ginzburg333.Ginzburg.concatenate.eq_1: [propext, Quot.sound, Classical.choice]
AUDIT Ginzburg333.Ginzburg.concatenate_add_left: [propext, Quot.sound, Classical.choice]
AUDIT Ginzburg333.Ginzburg.concatenate_add_right: [propext, Quot.sound, Classical.choice]
AUDIT Ginzburg333.Ginzburg.concatenate_neg_left: [propext, Quot.sound, Classical.choice]
AUDIT Ginzburg333.Ginzburg.concatenate_single_left: [propext, Quot.sound, Classical.choice]
AUDIT Ginzburg333.Ginzburg.concatenate_single_right: [propext, Quot.sound, Classical.choice]
AUDIT Ginzburg333.Ginzburg.concatenate_smul_left: [propext, Quot.sound, Classical.choice]
AUDIT Ginzburg333.Ginzburg.concatenate_smul_right: [propext, Quot.sound, Classical.choice]
AUDIT Ginzburg333.Ginzburg.concatenate_zero_left: [propext, Quot.sound, Classical.choice]
AUDIT Ginzburg333.Ginzburg.concatenate_zero_right: [propext, Quot.sound, Classical.choice]
AUDIT Ginzburg333.Ginzburg.coordinates._proof_15: [propext]
AUDIT Ginzburg333.Ginzburg.coordinates.eq_1: [propext]
AUDIT Ginzburg333.Ginzburg.differential.eq_1: [propext, Quot.sound, Classical.choice]
AUDIT Ginzburg333.Ginzburg.differential_cohomological: [propext, Quot.sound, Classical.choice]
AUDIT Ginzburg333.Ginzburg.differential_internal: [propext, Quot.sound, Classical.choice]
AUDIT Ginzburg333.Ginzburg.differential_square: [propext, Quot.sound, Classical.choice]
AUDIT Ginzburg333.Ginzburg.differential_term_valid: [propext, Classical.choice, Quot.sound]
AUDIT Ginzburg333.Ginzburg.endpoint?.eq_1: [propext]
AUDIT Ginzburg333.Ginzburg.endpoint?.eq_2: [propext]
AUDIT Ginzburg333.Ginzburg.endpoint_append: [propext, Quot.sound]
AUDIT Ginzburg333.Ginzburg.finiteDimensional_bigradedComponent: [propext, Quot.sound, Classical.choice]
AUDIT Ginzburg333.Ginzburg.finiteDimensional_internalComponent: [propext, Quot.sound, Classical.choice]
AUDIT Ginzburg333.Ginzburg.finite_internal_basis: [propext, Quot.sound, Classical.choice]
AUDIT Ginzburg333.Ginzburg.finite_internal_basis._proof_1: [propext, Quot.sound]
AUDIT Ginzburg333.Ginzburg.forgetPathValidity.eq_1: [propext, Quot.sound, Classical.choice]
AUDIT Ginzburg333.Ginzburg.forgetPathValidity_basisDifferential: [propext, Quot.sound, Classical.choice]
AUDIT Ginzburg333.Ginzburg.forgetPathValidity_differential: [propext, Quot.sound, Classical.choice]
AUDIT Ginzburg333.Ginzburg.forgetPathValidity_injective: [propext, Quot.sound, Classical.choice]
AUDIT Ginzburg333.Ginzburg.forgetPathValidity_pathTerm: [propext, Quot.sound, Classical.choice]
AUDIT Ginzburg333.Ginzburg.forgetPathValidity_single: [propext, Quot.sound, Classical.choice]
AUDIT Ginzburg333.Ginzburg.freeDifferential.eq_1: [propext, Quot.sound, Classical.choice]
AUDIT Ginzburg333.Ginzburg.freeDifferential_leibniz: [propext, Quot.sound, Classical.choice]
AUDIT Ginzburg333.Ginzburg.freeDifferential_parity: [propext, Quot.sound, Classical.choice]
AUDIT Ginzburg333.Ginzburg.freeDifferential_single: [propext, Quot.sound, Classical.choice]
AUDIT Ginzburg333.Ginzburg.freeDifferential_square: [propext, Quot.sound, Classical.choice]
AUDIT Ginzburg333.Ginzburg.generatorDifferential.eq_1: [propext]
AUDIT Ginzburg333.Ginzburg.generatorDifferential.eq_2: [propext]
AUDIT Ginzburg333.Ginzburg.generatorDifferential.eq_3: [propext]
AUDIT Ginzburg333.Ginzburg.generatorDifferential_terms: [propext, Quot.sound, Classical.choice]
AUDIT Ginzburg333.Ginzburg.generatorDifferential_terms._proof_1: [propext, Quot.sound]
AUDIT Ginzburg333.Ginzburg.generatorDifferential_terms._proof_2: [propext, Quot.sound]
AUDIT Ginzburg333.Ginzburg.generatorDifferential_terms._proof_3: [propext]
AUDIT Ginzburg333.Ginzburg.generator_card: [propext, Quot.sound, Classical.choice]
AUDIT Ginzburg333.Ginzburg.generator_wordDifferential_square: [propext, Quot.sound, Classical.choice]
AUDIT Ginzburg333.Ginzburg.ginzburgRegular_of_internal_primitives: [propext, Quot.sound, Classical.choice]
AUDIT Ginzburg333.Ginzburg.homogeneous_positive_eq_zero: [propext, Quot.sound, Classical.choice]
AUDIT Ginzburg333.Ginzburg.homogeneous_positive_eq_zero._proof_2: [propext, Quot.sound]
AUDIT Ginzburg333.Ginzburg.internalDegree.eq_1: [propext]
AUDIT Ginzburg333.Ginzburg.internalProjection._proof_6: [propext, Quot.sound, Classical.choice]
AUDIT Ginzburg333.Ginzburg.internalProjection._proof_7: [propext, Quot.sound, Classical.choice]
AUDIT Ginzburg333.Ginzburg.internalProjection_apply: [propext, Quot.sound, Classical.choice]
AUDIT Ginzburg333.Ginzburg.internalProjection_cohomological: [propext, Quot.sound, Classical.choice]
AUDIT Ginzburg333.Ginzburg.internalProjection_differential: [propext, Quot.sound, Classical.choice]
AUDIT Ginzburg333.Ginzburg.internalProjection_eq_self: [propext, Quot.sound, Classical.choice]
AUDIT Ginzburg333.Ginzburg.internalProjection_eq_zero: [propext, Quot.sound, Classical.choice]
AUDIT Ginzburg333.Ginzburg.internalProjection_internal: [propext, Quot.sound, Classical.choice]
AUDIT Ginzburg333.Ginzburg.list_sum_mem_submodule: [propext, Quot.sound, Classical.choice]
AUDIT Ginzburg333.Ginzburg.locateWords.eq_1: [propext, Quot.sound, Classical.choice]
AUDIT Ginzburg333.Ginzburg.locateWords_single: [propext, Quot.sound, Classical.choice]
AUDIT Ginzburg333.Ginzburg.locatedDifferential.eq_1: [propext, Quot.sound, Classical.choice]
AUDIT Ginzburg333.Ginzburg.locatedDifferential_locateWords: [propext, Quot.sound, Classical.choice]
AUDIT Ginzburg333.Ginzburg.locatedDifferential_single: [propext, Quot.sound, Classical.choice]
AUDIT Ginzburg333.Ginzburg.locatedDifferential_square: [propext, Quot.sound, Classical.choice]
AUDIT Ginzburg333.Ginzburg.mem_bigradedComponent: [propext, Quot.sound, Classical.choice]
AUDIT Ginzburg333.Ginzburg.negate_list_sum: [propext, Quot.sound, Classical.choice]
AUDIT Ginzburg333.Ginzburg.parity.eq_1: [propext, Quot.sound, Classical.choice]
AUDIT Ginzburg333.Ginzburg.parity_single: [propext, Quot.sound, Classical.choice]
AUDIT Ginzburg333.Ginzburg.parity_square: [propext, Quot.sound, Classical.choice]
AUDIT Ginzburg333.Ginzburg.parity_wordVectorDifferential: [propext, Quot.sound, Classical.choice]
AUDIT Ginzburg333.Ginzburg.pathTerm.eq_1: [propext, Quot.sound, Classical.choice]
AUDIT Ginzburg333.Ginzburg.pathTerm_mem_supported: [propext, Quot.sound, Classical.choice]
AUDIT Ginzburg333.Ginzburg.prependWords.eq_1: [propext, Quot.sound, Classical.choice]
AUDIT Ginzburg333.Ginzburg.prependWords_appendWords: [propext, Quot.sound, Classical.choice]
AUDIT Ginzburg333.Ginzburg.prependWords_nil: [propext, Quot.sound, Classical.choice]
AUDIT Ginzburg333.Ginzburg.prependWords_prependWords: [propext, Quot.sound, Classical.choice]
AUDIT Ginzburg333.Ginzburg.prependWords_single: [propext, Quot.sound, Classical.choice]
AUDIT Ginzburg333.Ginzburg.sum_internalProjection: [propext, Quot.sound, Classical.choice]
AUDIT Ginzburg333.Ginzburg.wordDifferential.eq_1: [propext, Classical.choice, Quot.sound]
AUDIT Ginzburg333.Ginzburg.wordDifferential.eq_2: [propext, Classical.choice, Quot.sound]
AUDIT Ginzburg333.Ginzburg.wordDifferential_degrees: [propext, Classical.choice, Quot.sound]
AUDIT Ginzburg333.Ginzburg.wordDifferential_degrees._proof_1: [propext]
AUDIT Ginzburg333.Ginzburg.wordDifferential_degrees._proof_2: [propext, Quot.sound]
AUDIT Ginzburg333.Ginzburg.wordDifferential_degrees._proof_3: [propext, Quot.sound]
AUDIT Ginzburg333.Ginzburg.wordDifferential_degrees._proof_4: [propext, Quot.sound]
AUDIT Ginzburg333.Ginzburg.wordDifferential_degrees._proof_5: [propext, Quot.sound]
AUDIT Ginzburg333.Ginzburg.wordDifferential_degrees._proof_6: [propext, Quot.sound]
AUDIT Ginzburg333.Ginzburg.wordDifferential_endpoints: [propext, Classical.choice, Quot.sound]
AUDIT Ginzburg333.Ginzburg.wordDifferential_endpoints._proof_1: [propext]
AUDIT Ginzburg333.Ginzburg.wordDifferential_endpoints._proof_2: [propext, Quot.sound]
AUDIT Ginzburg333.Ginzburg.wordNegative.eq_1: [propext]
AUDIT Ginzburg333.Ginzburg.wordNegative_append: [propext, Quot.sound]
AUDIT Ginzburg333.Ginzburg.wordNegative_cons: [propext]
AUDIT Ginzburg333.Ginzburg.wordNegative_nil: [propext]
AUDIT Ginzburg333.Ginzburg.wordTerm.eq_1: [propext, Quot.sound, Classical.choice]
AUDIT Ginzburg333.Ginzburg.wordVectorDifferential.eq_1: [propext, Quot.sound, Classical.choice]
AUDIT Ginzburg333.Ginzburg.wordVectorDifferential_append: [propext, Quot.sound, Classical.choice]
AUDIT Ginzburg333.Ginzburg.wordVectorDifferential_cons: [propext, Quot.sound, Classical.choice]
AUDIT Ginzburg333.Ginzburg.wordVectorDifferential_nil: [propext, Quot.sound, Classical.choice]
AUDIT Ginzburg333.Ginzburg.wordVectorDifferential_square: [propext, Quot.sound, Classical.choice]
AUDIT Ginzburg333.Ginzburg.wordWeight.eq_1: [propext]
AUDIT Ginzburg333.Ginzburg.wordWeight_append: [propext, Quot.sound]
AUDIT Ginzburg333.Ginzburg.wordWeight_cons: [propext]
AUDIT Ginzburg333.Ginzburg.wordWeight_nil: [propext]
AUDIT Ginzburg333.Ginzburg.word_degree: [propext, Quot.sound]
AUDIT Ginzburg333.Ginzburg.word_degree._proof_15: [propext, Quot.sound]
AUDIT Ginzburg333.Ginzburg.word_length_le_weight: [propext, Quot.sound]
AUDIT Ginzburg333.Ginzburg.word_length_le_weight._proof_1: [propext, Quot.sound]
AUDIT Ginzburg333.Homology.colonInclusion._proof_1: [propext]
AUDIT Ginzburg333.Homology.colonInclusion._proof_2: [propext, Quot.sound, Classical.choice]
AUDIT Ginzburg333.Homology.colonInclusion_injective: [propext, Quot.sound, Classical.choice]
AUDIT Ginzburg333.Homology.colonInclusion_injective._proof_6: [propext, Quot.sound, Classical.choice]
AUDIT Ginzburg333.Homology.colonInclusion_mkQ: [propext, Quot.sound, Classical.choice]
AUDIT Ginzburg333.Homology.colon_quotient_exact: [propext, Quot.sound, Classical.choice]
AUDIT Ginzburg333.Homology.colon_quotient_exact._proof_6: [propext, Quot.sound, Classical.choice]
AUDIT Ginzburg333.Homology.diagonal_of_filtration: [propext, Classical.choice, Quot.sound]
AUDIT Ginzburg333.Homology.exactAt_dual: [propext, Quot.sound, Classical.choice]
AUDIT Ginzburg333.Homology.exactAt_finsupp: [propext, Quot.sound, Classical.choice]
AUDIT Ginzburg333.Homology.exactAt_iff_range_eq_ker: [propext, Quot.sound]
AUDIT Ginzburg333.Homology.filtration_induction: [Classical.choice, propext, Quot.sound]
AUDIT Ginzburg333.Homology.filtration_induction._proof_1: [propext, Quot.sound]
AUDIT Ginzburg333.Homology.filtration_induction._proof_2: [propext, Quot.sound]
AUDIT Ginzburg333.Homology.filtration_induction._proof_3: [propext, Quot.sound]
AUDIT Ginzburg333.Homology.finsupp_map_injective: [propext, Quot.sound, Classical.choice]
AUDIT Ginzburg333.Homology.finsupp_map_surjective: [propext, Quot.sound, Classical.choice]
AUDIT Ginzburg333.Homology.negative_degree_is_off_diagonal: [propext, Quot.sound]
AUDIT Ginzburg333.Homology.negative_degree_is_off_diagonal._proof_1: [propext, Quot.sound]
AUDIT Ginzburg333.Homology.quotient_exact_of_exact: [propext]
AUDIT Ginzburg333.Homology.quotient_maps_short_exact: [propext, Quot.sound, Classical.choice]
AUDIT Ginzburg333.Homology.short_exact_finsupp: [propext, Quot.sound, Classical.choice]
AUDIT Ginzburg333.Homology.stepProjection._proof_3: [propext, Quot.sound]
AUDIT Ginzburg333.Homology.stepProjection._proof_4: [propext]
AUDIT Ginzburg333.Homology.stepProjection._proof_5: [propext, Quot.sound, Classical.choice]
AUDIT Ginzburg333.Homology.stepProjection_mkQ: [propext, Quot.sound, Classical.choice]
AUDIT Ginzburg333.Homology.stepProjection_surjective: [propext, Quot.sound, Classical.choice]
AUDIT Ginzburg333.Homology.trivial_middle_of_exact: [propext]
AUDIT Ginzburg333.Signs.Cut.left.eq_1: []
AUDIT Ginzburg333.Signs.Cut.left.eq_2: []
AUDIT Ginzburg333.Signs.Cut.left.eq_3: []
AUDIT Ginzburg333.Signs.Cut.ofNat_toCtorIdx: []
AUDIT Ginzburg333.Signs.Cut.oneOne.sizeOf_spec: []
AUDIT Ginzburg333.Signs.Cut.oneTwo.sizeOf_spec: []
AUDIT Ginzburg333.Signs.Cut.right.eq_1: []
AUDIT Ginzburg333.Signs.Cut.right.eq_2: []
AUDIT Ginzburg333.Signs.Cut.right.eq_3: []
AUDIT Ginzburg333.Signs.Cut.twoOne.sizeOf_spec: []
AUDIT Ginzburg333.Signs.comparison_parity: [propext, Quot.sound]
AUDIT Ginzburg333.Signs.comparison_parity._proof_3: [propext, Quot.sound]
AUDIT Ginzburg333.Signs.comparison_parity._proof_4: [propext, Quot.sound]
AUDIT Ginzburg333.Signs.comparison_parity._proof_5: [propext, Quot.sound]
AUDIT Ginzburg333.Signs.countThree.eq_1: []
AUDIT Ginzburg333.Signs.countThree.eq_2: []
AUDIT Ginzburg333.Signs.instDecidableEqCut._proof_1: []
AUDIT Ginzburg333.Signs.instDecidableEqCut._proof_2: []
AUDIT Ginzburg333.Signs.length_le_sum: [propext, Quot.sound]
AUDIT Ginzburg333.Signs.length_le_sum._proof_3: [propext, Quot.sound]
AUDIT Ginzburg333.Signs.sigma.eq_1: [propext]
AUDIT Ginzburg333.Signs.sigma.eq_2: [propext]
AUDIT Ginzburg333.Signs.sigma_formula: [propext, Quot.sound]
AUDIT Ginzburg333.Signs.sigma_formula._proof_1: [propext, Quot.sound]
AUDIT Ginzburg333.Signs.split_balance: [propext, Quot.sound]
AUDIT Ginzburg333.Signs.split_balance._proof_3: [propext, Quot.sound]
AUDIT Ginzburg333.Signs.split_balance._proof_4: [propext, Quot.sound]
AUDIT Ginzburg333.Signs.split_balance._proof_5: [propext, Quot.sound]
AUDIT Ginzburg333.Signs.split_balance._proof_6: [propext, Quot.sound]
AUDIT Ginzburg333.Signs.split_increases_length: [propext, Quot.sound]
AUDIT Ginzburg333.Signs.split_increases_length._proof_3: [propext, Quot.sound]
AUDIT Ginzburg333.Signs.split_preserves_internal_degree: [propext, Quot.sound]
AUDIT Ginzburg333.Signs.split_preserves_internal_degree._proof_3: [propext, Quot.sound]
AUDIT Ginzburg333.Signs.three.eq_1: []
AUDIT Ginzburg333.Signs.weighted.eq_1: [propext]
AUDIT Ginzburg333.Signs.weighted.eq_2: [propext]
AUDIT Ginzburg333.augmentation._proof_4: [propext, Quot.sound, Classical.choice]
AUDIT Ginzburg333.augmentation._proof_5: [propext, Quot.sound, Classical.choice]
AUDIT Ginzburg333.augmentation.eq_1: [propext, Quot.sound, Classical.choice]
AUDIT Ginzburg333.coeff.eq_1: [propext]
AUDIT Ginzburg333.contract._proof_3: [propext, Quot.sound, Classical.choice]
AUDIT Ginzburg333.contract._proof_4: [propext, Quot.sound, Classical.choice]
AUDIT Ginzburg333.contract.eq_1: [propext, Quot.sound, Classical.choice]
AUDIT Ginzburg333.contraction._proof_5: [propext, Quot.sound, Classical.choice]
AUDIT Ginzburg333.contraction._proof_6: [propext, Quot.sound, Classical.choice]
AUDIT Ginzburg333.contraction._proof_7: [propext, Quot.sound, Classical.choice]
AUDIT Ginzburg333.contraction.eq_1: [propext, Quot.sound, Classical.choice]
AUDIT Ginzburg333.degreeProjection._proof_1: [propext, Quot.sound, Classical.choice]
AUDIT Ginzburg333.degreeProjection._proof_2: [propext, Quot.sound, Classical.choice]
AUDIT Ginzburg333.degreeProjection.eq_1: [propext, Quot.sound, Classical.choice]
AUDIT Ginzburg333.degreeProjection_comp: [propext, Quot.sound, Classical.choice]
AUDIT Ginzburg333.dot.eq_1: [propext, Quot.sound, Classical.choice]
AUDIT Ginzburg333.dotMap._proof_2: [propext, Quot.sound, Classical.choice]
AUDIT Ginzburg333.dotMap_apply: [propext, Quot.sound, Classical.choice]
AUDIT Ginzburg333.dotMap_surjective: [propext, Classical.choice, Quot.sound]
AUDIT Ginzburg333.dot_add_left: [propext, Quot.sound, Classical.choice]
AUDIT Ginzburg333.dot_add_right: [propext, Quot.sound, Classical.choice]
AUDIT Ginzburg333.dot_comm: [propext, Quot.sound, Classical.choice]
AUDIT Ginzburg333.dot_smul_left: [propext, Quot.sound, Classical.choice]
AUDIT Ginzburg333.dot_smul_right: [propext, Quot.sound, Classical.choice]
AUDIT Ginzburg333.dot_unit_left: [propext, Quot.sound, Classical.choice]
AUDIT Ginzburg333.dot_unit_right: [propext, Quot.sound, Classical.choice]
AUDIT Ginzburg333.dot_vectorOfFunctional: [propext, Quot.sound, Classical.choice]
AUDIT Ginzburg333.dot_zero_left: [propext, Quot.sound, Classical.choice]
AUDIT Ginzburg333.dot_zero_right: [propext, Quot.sound, Classical.choice]
AUDIT Ginzburg333.embedRow.eq_1: [propext, Classical.choice, Quot.sound]
AUDIT Ginzburg333.eq_zero_of_dot_left: [propext, Quot.sound, Classical.choice]
AUDIT Ginzburg333.eq_zero_of_dot_right: [propext, Quot.sound, Classical.choice]
AUDIT Ginzburg333.exists_noninjective_in_plane: [propext, Quot.sound, Classical.choice]
AUDIT Ginzburg333.finrank_auxiliary: [propext, Quot.sound, Classical.choice]
AUDIT Ginzburg333.finrank_comap_plane: [propext, Quot.sound, Classical.choice]
AUDIT Ginzburg333.finrank_comap_plane._proof_10: [propext, Quot.sound, Classical.choice]
AUDIT Ginzburg333.finrank_comap_plane._proof_8: [propext, Quot.sound]
AUDIT Ginzburg333.finrank_comap_plane._proof_9: [propext, Quot.sound, Classical.choice]
AUDIT Ginzburg333.finrank_dot_ker: [propext, Classical.choice, Quot.sound]
AUDIT Ginzburg333.finrank_dot_ker._proof_3: [propext, Quot.sound, Classical.choice]
AUDIT Ginzburg333.finrank_row: [propext, Quot.sound, Classical.choice]
AUDIT Ginzburg333.finrank_sup_span_gt: [propext, Quot.sound, Classical.choice]
AUDIT Ginzburg333.finrank_vec: [propext, Quot.sound, Classical.choice]
AUDIT Ginzburg333.mem_planeRows: [propext, Quot.sound, Classical.choice]
AUDIT Ginzburg333.mem_planeRows._proof_1: [Quot.sound, propext]
AUDIT Ginzburg333.next._proof_1: [propext]
AUDIT Ginzburg333.next.eq_1: [propext]
AUDIT Ginzburg333.next_three: [propext, Quot.sound, Classical.choice]
AUDIT Ginzburg333.ofTensor._proof_8: [propext, Quot.sound, Classical.choice]
AUDIT Ginzburg333.ofTensor.eq_1: [propext, Quot.sound, Classical.choice]
AUDIT Ginzburg333.planeRows.eq_1: [propext, Quot.sound, Classical.choice]
AUDIT Ginzburg333.plane_sup_span_eq_top: [propext, Quot.sound, Classical.choice]
AUDIT Ginzburg333.previousDegree._proof_3: [propext]
AUDIT Ginzburg333.previousDegree.eq_1: [propext]
AUDIT Ginzburg333.rowDegreeTwo._proof_2: [propext, Classical.choice, Quot.sound]
AUDIT Ginzburg333.rowDegreeTwo._proof_3: [propext, Classical.choice, Quot.sound]
AUDIT Ginzburg333.split_plane: [propext, Quot.sound, Classical.choice]
AUDIT Ginzburg333.split_plane._proof_1: [propext, Quot.sound, Classical.choice]
AUDIT Ginzburg333.split_plane._proof_2: [propext, Quot.sound, Classical.choice]
AUDIT Ginzburg333.sum_degreeProjection: [propext, Quot.sound, Classical.choice]
AUDIT Ginzburg333.sum_unitVec: [propext, Quot.sound, Classical.choice]
AUDIT Ginzburg333.tensorRegular_ginzburgRegular: [propext, Quot.sound, Classical.choice]
AUDIT Ginzburg333.unitVec.eq_1: [propext, Classical.choice, Quot.sound]
AUDIT Ginzburg333.vectorOfFunctional_ne_zero: [propext, Quot.sound, Classical.choice]
PROJECT_THEOREMS_CHECKED: 923
