'Ginzburg333.CyclicData.productSpan_eq_top' depends on axioms: [propext, Classical.choice, Quot.sound]
'Ginzburg333.CyclicData.plane_contains_rank_two' depends on axioms: [propext, Classical.choice, Quot.sound]
'Ginzburg333.CyclicData.adjacent_range_eq_dot_ker' depends on axioms: [propext, Classical.choice, Quot.sound]
'Ginzburg333.CyclicData.annihilator_eq_adjacent_image' depends on axioms: [propext, Classical.choice, Quot.sound]
'Ginzburg333.CyclicData.plane_colon_closed' depends on axioms: [propext, Classical.choice, Quot.sound]
'Ginzburg333.CyclicData.full_colon_closed' depends on axioms: [propext, Classical.choice, Quot.sound]
'Ginzburg333.CyclicData.multiply_assoc' depends on axioms: [propext, Classical.choice, Quot.sound]
'Ginzburg333.Homology.quotient_exact_of_exact' depends on axioms: [propext]
'Ginzburg333.Homology.filtration_induction' depends on axioms: [propext, Classical.choice, Quot.sound]
'Ginzburg333.Signs.comparison_parity' depends on axioms: [propext, Quot.sound]
'Ginzburg333.Ginzburg.cohomologicalDegree_eq_length_sub_weight' depends on axioms: [propext, Quot.sound]
'Ginzburg333.CyclicData.rowGenerated_right_stable' depends on axioms: [propext, Classical.choice, Quot.sound]
'Ginzburg333.CyclicData.exists_filtrationStep' depends on axioms: [propext, Classical.choice, Quot.sound]
'Ginzburg333.CyclicData.FiltrationStep.short_exact' depends on axioms: [propext, Classical.choice, Quot.sound]
'Ginzburg333.CyclicData.FiltrationStep.inclusion_degree' depends on axioms: [propext, Classical.choice, Quot.sound]
'Ginzburg333.CyclicData.FiltrationStep.inclusion_action' depends on axioms: [propext, Classical.choice, Quot.sound]
'Ginzburg333.Ginzburg.differential_term_valid' depends on axioms: [propext, Classical.choice, Quot.sound]
'Ginzburg333.Ginzburg.differential_cohomological' depends on axioms: [propext, Classical.choice, Quot.sound]
'Ginzburg333.Ginzburg.finite_internal_basis' depends on axioms: [propext, Classical.choice, Quot.sound]
'Ginzburg333.Homology.exactAt_dual' depends on axioms: [propext, Classical.choice, Quot.sound]
'Ginzburg333.Ginzburg.freeDifferential_leibniz' depends on axioms: [propext, Classical.choice, Quot.sound]
'Ginzburg333.Ginzburg.differential_square' depends on axioms: [propext, Classical.choice, Quot.sound]
'Ginzburg333.Ginzburg.componentDifferential_square' depends on axioms: [propext, Classical.choice, Quot.sound]
'Ginzburg333.Ginzburg.ginzburgRegular_of_internal_primitives' depends on axioms: [propext, Classical.choice, Quot.sound]
'Ginzburg333.Bar.positiveMultiplication_assoc' depends on axioms: [propext, Classical.choice, Quot.sound]
'Ginzburg333.Bar.ambientDifferential_square' depends on axioms: [propext, Classical.choice, Quot.sound]
'Ginzburg333.Bar.normalizedDifferential_square' depends on axioms: [propext, Classical.choice, Quot.sound]
'Ginzburg333.Bar.filtration_normalized_short_exact' depends on axioms: [propext, Classical.choice, Quot.sound]
