info: ginzburg333: no previous manifest, creating one from scratch
info: toolchain not updated; already up-to-date
info: aesop: cloning https://github.com/leanprover-community/aesop
info: aesop: checking out revision '5d50b08dedd7d69b3d9b3176e0d58a23af228884'
info: Qq: cloning https://github.com/leanprover-community/quote4
info: Qq: checking out revision 'fa4f7f15d97591a9cf3aa7724ba371c7fc6dda02'
info: batteries: cloning https://github.com/leanprover-community/batteries
info: batteries: checking out revision 'f5d04a9c4973d401c8c92500711518f7c656f034'
info: Cli: cloning https://github.com/leanprover/lean4-cli
info: Cli: checking out revision '02dbd02bc00ec4916e99b04b2245b30200e200d0'
info: mathlib: running post-update hooks
✔ [2/12] Built Cache.Lean
✔ [3/12] Built Cache.Lean:c.o
✔ [4/12] Built Cache.IO
✔ [5/12] Built Cache.Hashing
✔ [6/12] Built Cache.Requests
✔ [7/12] Built Cache.Hashing:c.o
✔ [8/12] Built Cache.Main
✔ [9/12] Built Cache.IO:c.o
✔ [10/12] Built Cache.Requests:c.o
✔ [11/12] Built Cache.Main:c.o
✔ [12/12] Built cache
✖ [2/2] Running proofwidgets:release
error: failed to fetch GitHub release (run with '-v' for details)
Some required builds logged failures:
- proofwidgets:release
error: build failed
uncaught exception: Failed to fetch ProofWidgets cloud release: lake failed with error code 1
error: mathlib: failed to fetch cache
