⚠ [1660/1689] Replayed Ginzburg333.Finite.Coordinates
warning: ././././Ginzburg333/Finite/Coordinates.lean:90:4: try 'simp' instead of 'simpa'
note: this linter can be disabled with `set_option linter.unnecessarySimpa false`
⚠ [1663/1689] Replayed Ginzburg333.Auxiliary
warning: ././././Ginzburg333/Auxiliary.lean:51:53: Used `tac1 <;> tac2` where `(tac1; tac2)` would suffice
note: this linter can be disabled with `set_option linter.unnecessarySeqFocus false`
warning: ././././Ginzburg333/Auxiliary.lean:55:41: Used `tac1 <;> tac2` where `(tac1; tac2)` would suffice
note: this linter can be disabled with `set_option linter.unnecessarySeqFocus false`
warning: ././././Ginzburg333/Auxiliary.lean:58:20: Used `tac1 <;> tac2` where `(tac1; tac2)` would suffice
note: this linter can be disabled with `set_option linter.unnecessarySeqFocus false`
info: ././././Ginzburg333/Auxiliary.lean:86:54: Try this: ring_nf
info: ././././Ginzburg333/Auxiliary.lean:86:54: Try this: ring_nf
info: ././././Ginzburg333/Auxiliary.lean:92:54: Try this: ring_nf
info: ././././Ginzburg333/Auxiliary.lean:92:54: Try this: ring_nf
⚠ [1664/1689] Replayed Ginzburg333.Finite.Colon
warning: ././././Ginzburg333/Finite/Colon.lean:199:57: this tactic is never executed
note: this linter can be disabled with `set_option linter.unreachableTactic false`
warning: ././././Ginzburg333/Finite/Colon.lean:199:57: 'omega' tactic does nothing
note: this linter can be disabled with `set_option linter.unusedTactic false`
⚠ [1666/1689] Replayed Ginzburg333.Homology.Quotient
warning: ././././Ginzburg333/Homology/Quotient.lean:21:50: try 'simp' instead of 'simpa'
note: this linter can be disabled with `set_option linter.unnecessarySimpa false`
⚠ [1667/1689] Replayed Ginzburg333.Finite.RowIdeals
info: ././././Ginzburg333/Finite/RowIdeals.lean:139:44: Try this: ring_nf
warning: ././././Ginzburg333/Finite/RowIdeals.lean:139:49: Used `tac1 <;> tac2` where `(tac1; tac2)` would suffice
note: this linter can be disabled with `set_option linter.unnecessarySeqFocus false`
⚠ [1668/1689] Replayed Ginzburg333.Finite.Pencil
warning: ././././Ginzburg333/Finite/Pencil.lean:71:4: try 'simp at hh' instead of 'simpa using hh'
note: this linter can be disabled with `set_option linter.unnecessarySimpa false`
⚠ [1679/1689] Replayed Ginzburg333.Bar.SquareZero
warning: ././././Ginzburg333/Bar/SquareZero.lean:147:66: Used `tac1 <;> tac2` where `(tac1; tac2)` would suffice
note: this linter can be disabled with `set_option linter.unnecessarySeqFocus false`
✔ [1687/1689] Built Ginzburg333.Bar.Support
✖ [1688/1689] Building Ginzburg333.Bar.Normalized
trace: .> LEAN_PATH=././.lake/packages/Cli/.lake/build/lib/lean:././.lake/packages/batteries/.lake/build/lib/lean:././.lake/packages/Qq/.lake/build/lib/lean:././.lake/packages/aesop/.lake/build/lib/lean:././.lake/packages/proofwidgets/.lake/build/lib/lean:././.lake/packages/importGraph/.lake/build/lib/lean:././.lake/packages/LeanSearchClient/.lake/build/lib/lean:././.lake/packages/plausible/.lake/build/lib/lean:././.lake/packages/mathlib/.lake/build/lib/lean:././.lake/build/lib/lean /workspace/ginzburg333_work/tooling/lean-4.19.0-linux/bin/lean ././././Ginzburg333/Bar/Normalized.lean -R ./././. -o ././.lake/build/lib/lean/Ginzburg333/Bar/Normalized.olean -i ././.lake/build/lib/lean/Ginzburg333/Bar/Normalized.ilean -c ././.lake/build/ir/Ginzburg333/Bar/Normalized.c --json
error: ././././Ginzburg333/Bar/Normalized.lean:49:52: no goals to be solved
error: Lean exited with code 1
Some required builds logged failures:
- Ginzburg333.Bar.Normalized
error: build failed
