⚠ [1660/1688] Replayed Ginzburg333.Finite.Coordinates
warning: ././././Ginzburg333/Finite/Coordinates.lean:90:4: try 'simp' instead of 'simpa'
note: this linter can be disabled with `set_option linter.unnecessarySimpa false`
⚠ [1663/1688] Replayed Ginzburg333.Auxiliary
warning: ././././Ginzburg333/Auxiliary.lean:51:53: Used `tac1 <;> tac2` where `(tac1; tac2)` would suffice
note: this linter can be disabled with `set_option linter.unnecessarySeqFocus false`
warning: ././././Ginzburg333/Auxiliary.lean:55:41: Used `tac1 <;> tac2` where `(tac1; tac2)` would suffice
note: this linter can be disabled with `set_option linter.unnecessarySeqFocus false`
warning: ././././Ginzburg333/Auxiliary.lean:58:20: Used `tac1 <;> tac2` where `(tac1; tac2)` would suffice
note: this linter can be disabled with `set_option linter.unnecessarySeqFocus false`
info: ././././Ginzburg333/Auxiliary.lean:86:54: Try this: ring_nf
info: ././././Ginzburg333/Auxiliary.lean:86:54: Try this: ring_nf
info: ././././Ginzburg333/Auxiliary.lean:92:54: Try this: ring_nf
info: ././././Ginzburg333/Auxiliary.lean:92:54: Try this: ring_nf
⚠ [1664/1688] Replayed Ginzburg333.Finite.Colon
warning: ././././Ginzburg333/Finite/Colon.lean:199:57: this tactic is never executed
note: this linter can be disabled with `set_option linter.unreachableTactic false`
warning: ././././Ginzburg333/Finite/Colon.lean:199:57: 'omega' tactic does nothing
note: this linter can be disabled with `set_option linter.unusedTactic false`
⚠ [1666/1688] Replayed Ginzburg333.Homology.Quotient
warning: ././././Ginzburg333/Homology/Quotient.lean:21:50: try 'simp' instead of 'simpa'
note: this linter can be disabled with `set_option linter.unnecessarySimpa false`
⚠ [1667/1688] Replayed Ginzburg333.Finite.RowIdeals
info: ././././Ginzburg333/Finite/RowIdeals.lean:139:44: Try this: ring_nf
warning: ././././Ginzburg333/Finite/RowIdeals.lean:139:49: Used `tac1 <;> tac2` where `(tac1; tac2)` would suffice
note: this linter can be disabled with `set_option linter.unnecessarySeqFocus false`
⚠ [1668/1688] Replayed Ginzburg333.Finite.Pencil
warning: ././././Ginzburg333/Finite/Pencil.lean:71:4: try 'simp at hh' instead of 'simpa using hh'
note: this linter can be disabled with `set_option linter.unnecessarySimpa false`
⚠ [1679/1688] Replayed Ginzburg333.Bar.SquareZero
warning: ././././Ginzburg333/Bar/SquareZero.lean:147:66: Used `tac1 <;> tac2` where `(tac1; tac2)` would suffice
note: this linter can be disabled with `set_option linter.unnecessarySeqFocus false`
✖ [1687/1688] Building Ginzburg333.Ginzburg.Complex
trace: .> LEAN_PATH=././.lake/packages/Cli/.lake/build/lib/lean:././.lake/packages/batteries/.lake/build/lib/lean:././.lake/packages/Qq/.lake/build/lib/lean:././.lake/packages/aesop/.lake/build/lib/lean:././.lake/packages/proofwidgets/.lake/build/lib/lean:././.lake/packages/importGraph/.lake/build/lib/lean:././.lake/packages/LeanSearchClient/.lake/build/lib/lean:././.lake/packages/plausible/.lake/build/lib/lean:././.lake/packages/mathlib/.lake/build/lib/lean:././.lake/build/lib/lean /workspace/ginzburg333_work/tooling/lean-4.19.0-linux/bin/lean ././././Ginzburg333/Ginzburg/Complex.lean -R ./././. -o ././.lake/build/lib/lean/Ginzburg333/Ginzburg/Complex.olean -i ././.lake/build/lib/lean/Ginzburg333/Ginzburg/Complex.ilean -c ././.lake/build/ir/Ginzburg333/Ginzburg/Complex.c --json
error: ././././Ginzburg333/Ginzburg/Complex.lean:39:14: function expected at
  Finsupp.filter_add
term has type
  Finsupp.filter ?m.8550 (?m.8552 + ?m.8553) = Finsupp.filter ?m.8550 ?m.8552 + Finsupp.filter ?m.8550 ?m.8553
error: ././././Ginzburg333/Ginzburg/Complex.lean:49:12: unknown constant 'Finsupp.support_filter_subset'
error: ././././Ginzburg333/Ginzburg/Complex.lean:47:56: unsolved goals
k : Type u_1
inst✝ : Field k
n : ℕ
x : PathSpace k
p : BasisPath
hp : p ∈ ((internalProjection n) x).support
⊢ internalDegree p = n
error: ././././Ginzburg333/Ginzburg/Complex.lean:53:8: invalid field notation, type is not of the form (C ...) where C is a constant
  Finsupp.filter_eq_self_iff
has type
  ∀ (p : ?m.12489 → Prop) [inst : DecidablePred p] (f : ?m.12489 →₀ ?m.12490),
    Finsupp.filter p f = f ↔ ∀ (x : ?m.12489), f x ≠ 0 → p x
error: ././././Ginzburg333/Ginzburg/Complex.lean:54:2: no goals to be solved
error: ././././Ginzburg333/Ginzburg/Complex.lean:67:36: unknown constant 'Finsupp.support_filter_subset'
error: ././././Ginzburg333/Ginzburg/Complex.lean:64:46: unsolved goals
k : Type u_1
inst✝ : Field k
n : ℕ
q : ℤ
x : PathSpace k
hx : Homogeneous q x
p : BasisPath
hp : p ∈ ((internalProjection n) x).support
⊢ p ∈ x.support
error: ././././Ginzburg333/Ginzburg/Complex.lean:82:19: invalid field notation, type is not of the form (C ...) where C is a constant
  Finsupp.mem_support_single
has type
  ∀ (a a' : ?m.20917) (b : ?m.20918), a ∈ (Finsupp.single a' b).support ↔ a = a' ∧ b ≠ 0
error: Lean exited with code 1
✔ [1688/1688] Built Ginzburg333.Bar.Corners
Some required builds logged failures:
- Ginzburg333.Ginzburg.Complex
error: build failed
