⚠ [1660/1680] Replayed Ginzburg333.Finite.Coordinates
warning: ././././Ginzburg333/Finite/Coordinates.lean:90:4: try 'simp' instead of 'simpa'
note: this linter can be disabled with `set_option linter.unnecessarySimpa false`
⚠ [1667/1680] Replayed Ginzburg333.Auxiliary
warning: ././././Ginzburg333/Auxiliary.lean:51:53: Used `tac1 <;> tac2` where `(tac1; tac2)` would suffice
note: this linter can be disabled with `set_option linter.unnecessarySeqFocus false`
warning: ././././Ginzburg333/Auxiliary.lean:55:41: Used `tac1 <;> tac2` where `(tac1; tac2)` would suffice
note: this linter can be disabled with `set_option linter.unnecessarySeqFocus false`
warning: ././././Ginzburg333/Auxiliary.lean:58:20: Used `tac1 <;> tac2` where `(tac1; tac2)` would suffice
note: this linter can be disabled with `set_option linter.unnecessarySeqFocus false`
info: ././././Ginzburg333/Auxiliary.lean:86:54: Try this: ring_nf
info: ././././Ginzburg333/Auxiliary.lean:86:54: Try this: ring_nf
info: ././././Ginzburg333/Auxiliary.lean:92:54: Try this: ring_nf
info: ././././Ginzburg333/Auxiliary.lean:92:54: Try this: ring_nf
⚠ [1668/1680] Replayed Ginzburg333.Finite.Colon
warning: ././././Ginzburg333/Finite/Colon.lean:199:57: this tactic is never executed
note: this linter can be disabled with `set_option linter.unreachableTactic false`
warning: ././././Ginzburg333/Finite/Colon.lean:199:57: 'omega' tactic does nothing
note: this linter can be disabled with `set_option linter.unusedTactic false`
⚠ [1670/1680] Replayed Ginzburg333.Homology.Quotient
warning: ././././Ginzburg333/Homology/Quotient.lean:21:50: try 'simp' instead of 'simpa'
note: this linter can be disabled with `set_option linter.unnecessarySimpa false`
⚠ [1671/1680] Replayed Ginzburg333.Finite.RowIdeals
info: ././././Ginzburg333/Finite/RowIdeals.lean:139:44: Try this: ring_nf
warning: ././././Ginzburg333/Finite/RowIdeals.lean:139:49: Used `tac1 <;> tac2` where `(tac1; tac2)` would suffice
note: this linter can be disabled with `set_option linter.unnecessarySeqFocus false`
⚠ [1672/1680] Replayed Ginzburg333.Finite.Pencil
warning: ././././Ginzburg333/Finite/Pencil.lean:71:4: try 'simp at hh' instead of 'simpa using hh'
note: this linter can be disabled with `set_option linter.unnecessarySimpa false`
✔ [1675/1680] Built Ginzburg333.Ginzburg.Homogeneous
✔ [1676/1680] Built Ginzburg333.Homology.Finsupp
✖ [1677/1680] Building Ginzburg333.Bar.Positive
trace: .> LEAN_PATH=././.lake/packages/Cli/.lake/build/lib/lean:././.lake/packages/batteries/.lake/build/lib/lean:././.lake/packages/Qq/.lake/build/lib/lean:././.lake/packages/aesop/.lake/build/lib/lean:././.lake/packages/proofwidgets/.lake/build/lib/lean:././.lake/packages/importGraph/.lake/build/lib/lean:././.lake/packages/LeanSearchClient/.lake/build/lib/lean:././.lake/packages/plausible/.lake/build/lib/lean:././.lake/packages/mathlib/.lake/build/lib/lean:././.lake/build/lib/lean /workspace/ginzburg333_work/tooling/lean-4.19.0-linux/bin/lean ././././Ginzburg333/Bar/Positive.lean -R ./././. -o ././.lake/build/lib/lean/Ginzburg333/Bar/Positive.olean -i ././.lake/build/lib/lean/Ginzburg333/Bar/Positive.ilean -c ././.lake/build/ir/Ginzburg333/Bar/Positive.c --json
error: ././././Ginzburg333/Bar/Positive.lean:37:4: no goals to be solved
error: ././././Ginzburg333/Bar/Positive.lean:36:6: tactic 'apply' failed, failed to unify
  ?f = ?g
with
  ((a 0).2.1 0 • unitVec 0 + ((a 0).2.1 1 • unitVec 1 + (a 0).2.1 2 • unitVec 2),
        (a 0).2.2.1 0 • unitVec 0 + ((a 0).2.2.1 1 • unitVec 1 + (a 0).2.2.1 2 • unitVec 2), (a 0).2.2.2).2 =
    (a 0).2.2
case h.«0».snd
k : Type u_1
inst✝ : Field k
a : Auxiliary k
⊢ ((a 0).2.1 0 • unitVec 0 + ((a 0).2.1 1 • unitVec 1 + (a 0).2.1 2 • unitVec 2),
        (a 0).2.2.1 0 • unitVec 0 + ((a 0).2.2.1 1 • unitVec 1 + (a 0).2.2.1 2 • unitVec 2), (a 0).2.2.2).2 =
    (a 0).2.2
error: ././././Ginzburg333/Bar/Positive.lean:37:4: no goals to be solved
error: ././././Ginzburg333/Bar/Positive.lean:37:4: no goals to be solved
error: ././././Ginzburg333/Bar/Positive.lean:36:6: tactic 'apply' failed, failed to unify
  ?f = ?g
with
  ((a 1).2.1 0 • unitVec 0 + ((a 1).2.1 1 • unitVec 1 + (a 1).2.1 2 • unitVec 2),
        (a 1).2.2.1 0 • unitVec 0 + ((a 1).2.2.1 1 • unitVec 1 + (a 1).2.2.1 2 • unitVec 2), (a 1).2.2.2).2 =
    (a 1).2.2
case h.«1».snd
k : Type u_1
inst✝ : Field k
a : Auxiliary k
⊢ ((a 1).2.1 0 • unitVec 0 + ((a 1).2.1 1 • unitVec 1 + (a 1).2.1 2 • unitVec 2),
        (a 1).2.2.1 0 • unitVec 0 + ((a 1).2.2.1 1 • unitVec 1 + (a 1).2.2.1 2 • unitVec 2), (a 1).2.2.2).2 =
    (a 1).2.2
error: ././././Ginzburg333/Bar/Positive.lean:37:4: no goals to be solved
error: ././././Ginzburg333/Bar/Positive.lean:37:4: no goals to be solved
error: ././././Ginzburg333/Bar/Positive.lean:36:6: tactic 'apply' failed, failed to unify
  ?f = ?g
with
  ((a 2).2.1 0 • unitVec 0 + ((a 2).2.1 1 • unitVec 1 + (a 2).2.1 2 • unitVec 2),
        (a 2).2.2.1 0 • unitVec 0 + ((a 2).2.2.1 1 • unitVec 1 + (a 2).2.2.1 2 • unitVec 2), (a 2).2.2.2).2 =
    (a 2).2.2
case h.«2».snd
k : Type u_1
inst✝ : Field k
a : Auxiliary k
⊢ ((a 2).2.1 0 • unitVec 0 + ((a 2).2.1 1 • unitVec 1 + (a 2).2.1 2 • unitVec 2),
        (a 2).2.2.1 0 • unitVec 0 + ((a 2).2.2.1 1 • unitVec 1 + (a 2).2.2.1 2 • unitVec 2), (a 2).2.2.2).2 =
    (a 2).2.2
error: ././././Ginzburg333/Bar/Positive.lean:37:4: no goals to be solved
error: ././././Ginzburg333/Bar/Positive.lean:94:46: application type mismatch
  x g
argument
  g
has type
  Vertex : Type
but is expected to have type
  Generator : Type
error: Lean exited with code 1
✖ [1678/1680] Building Ginzburg333.Ginzburg.FreeWords
trace: .> LEAN_PATH=././.lake/packages/Cli/.lake/build/lib/lean:././.lake/packages/batteries/.lake/build/lib/lean:././.lake/packages/Qq/.lake/build/lib/lean:././.lake/packages/aesop/.lake/build/lib/lean:././.lake/packages/proofwidgets/.lake/build/lib/lean:././.lake/packages/importGraph/.lake/build/lib/lean:././.lake/packages/LeanSearchClient/.lake/build/lib/lean:././.lake/packages/plausible/.lake/build/lib/lean:././.lake/packages/mathlib/.lake/build/lib/lean:././.lake/build/lib/lean /workspace/ginzburg333_work/tooling/lean-4.19.0-linux/bin/lean ././././Ginzburg333/Ginzburg/FreeWords.lean -R ./././. -o ././.lake/build/lib/lean/Ginzburg333/Ginzburg/FreeWords.olean -i ././.lake/build/lib/lean/Ginzburg333/Ginzburg/FreeWords.ilean -c ././.lake/build/ir/Ginzburg333/Ginzburg/FreeWords.c --json
error: ././././Ginzburg333/Ginzburg/FreeWords.lean:168:59: no goals to be solved
error: Lean exited with code 1
Some required builds logged failures:
- Ginzburg333.Bar.Positive
- Ginzburg333.Ginzburg.FreeWords
error: build failed
